Command: /home/jonathan/.espressif/python_env/idf6.1_py3.13_env/bin/python /home/jonathan/esp/esp-idf/tools/idf_monitor.py -p /dev/ttyUSB0 -b 115200 --toolchain-prefix xtensa-esp32-elf- --target esp32 --revision 0 /home/jonathan/esp/payload/build/payload.elf /home/jonathan/esp/payload/build/bootloader/bootloader.elf -m '/home/jonathan/.espressif/python_env/idf6.1_py3.13_env/bin/python' '/home/jonathan/esp/esp-idf/tools/idf.py'
h: detected chip: generic
[0;32mI (270) spi_flash: flash io: dio[0m
[0;33mW (273) spi_flash: Detected size(4096k) larger th�ets Jul 29 2019 12:21:46[0m

rst:0x1 (POWERON_RESET),boot:0x13 (SPI_FAST_FLASH_BOOT)
configsip: 0, SPIWP:0xee
clk_drv:0x00,q_drv:0x00,d_drv:0x00,cs0_drv:0x00,hd_drv:0x00,wp_drv:0x00
mode:DIO, clock div:2
load:0x3fff0040,len:6272
load:0x40078000,len:15848
load:0x40080400,len:3920
entry 0x40080644
[0;32mI (27) boot: ESP-IDF v6.1-dev-3863-g338f341110 2nd stage bootloader[0m
[0;32mI (27) boot: compile time Jun 12 2026 22:38:45[0m
[0;32mI (28) boot: Multicore bootloader[0m
[0;32mI (30) boot: chip revision: v3.1[0m
[0;32mI (33) boot.esp32: SPI Speed      : 40MHz[0m
[0;32mI (37) boot.esp32: SPI Mode       : DIO[0m
[0;32mI (40) boot.esp32: SPI Flash Size : 2MB[0m
[0;32mI (44) boot: Enabling RNG early entropy source...[0m
[0;32mI (49) boot: Partition Table:[0m
[0;32mI (51) boot: ## Label            Usage          Type ST Offset   Length[0m
[0;32mI (57) boot:  0 nvs              WiFi data        01 02 00009000 00006000[0m
[0;32mI (64) boot:  1 phy_init         RF data          01 01 0000f000 00001000[0m
[0;32mI (71) boot:  2 factory          factory app      00 00 00010000 00100000[0m
[0;32mI (77) boot: End of partition table[0m
[0;32mI (80) esp_image: segment 0: paddr=00010020 vaddr=3f400020 size=0bd20h ( 48416) map[0m
[0;32mI (105) esp_image: segment 1: paddr=0001bd48 vaddr=3ffb0000 size=02ce4h ( 11492) load[0m
[0;32mI (110) esp_image: segment 2: paddr=0001ea34 vaddr=40080000 size=015e4h (  5604) load[0m
[0;32mI (112) esp_image: segment 3: paddr=00020020 vaddr=400d0020 size=14310h ( 82704) map[0m
[0;32mI (146) esp_image: segment 4: paddr=00034338 vaddr=400815e4 size=0c118h ( 49432) load[0m
[0;32mI (166) esp_image: segment 5: paddr=00040458 vaddr=50000000 size=00028h (    40) load[0m
[0;32mI (174) boot: Loaded app from partition at offset 0x10000[0m
[0;32mI (174) boot: Disabling RNG early entropy source...[0m
[0;32mI (184) cpu_start: Multicore app[0m
[0;32mI (193) cpu_start: GPIO 3 and 1 are used as console UART I/O pins[0m
[0;32mI (193) cpu_start: Pro cpu start user code[0m
[0;32mI (193) cpu_start: cpu freq: 160000000 Hz[0m
[0;32mI (195) app_init: Application information:[0m
[0;32mI (199) app_init: Project name:     payload[0m
[0;32mI (203) app_init: App version:      d9542d3-dirty[0m
[0;32mI (207) app_init: Compile time:     Jun 12 2026 20:13:35[0m
[0;32mI (212) app_init: ELF file SHA256:  53fb94dc3...[0m
[0;32mI (216) app_init: ESP-IDF:          v6.1-dev-3863-g338f341110[0m
[0;32mI (222) efuse_init: Min chip rev:     v0.0[0m
[0;32mI (226) efuse_init: Max chip rev:     v3.99 [0m
[0;32mI (230) efuse_init: Chip rev:         v3.1[0m
[0;32mI (234) heap_init: Initializing. RAM available for dynamic allocation:[0m
[0;32mI (240) heap_init: At 3FFAE6E0 len 00001920 (6 KiB): DRAM[0m
[0;32mI (245) heap_init: At 3FFB47F0 len 0002B810 (174 KiB): DRAM[0m
[0;32mI (250) heap_init: At 3FFE0440 len 00003AE0 (14 KiB): D/IRAM[0m
[0;32mI (255) heap_init: At 3FFE4350 len 0001BCB0 (111 KiB): D/IRAM[0m
[0;32mI (261) heap_init: At 4008D6FC len 00012904 (74 KiB): IRAM[0m
[0;32mI (268) spi_flash: detected chip: generic[0m
[0;32mI (270) spi_flash: flash io: dio[0m
[0;33mW (273) spi_flash: Detected size(4096k) larger than the size in the binary image header(2048k). Using the size in the binary image header.[0m
[0;32mI (286) main_task: Started on CPU0[0m
[0;32mI (296) main_task: Calling app_main()[0m
[0;32mI (296) payload: SPI Bus Active[0m
[0;33mW (296) gpio: conflict found for GPIO[5][0m
[0;33mW (296) gpio: conflict found for GPIO[21][0m
[0;32mI (296) payload: IMU Initialized[0m
[0;32mI (296) payload: SD card MISO release: 80 clocks sent[0m
[0;32mI (616) payload: IMU NRST released — INT pin level: 0 (expect 0 if chip is alive)[0m
[0;32mI (2176) payload: IMU reset OK — drained 0 startup packets[0m
[0;32mI (2226) payload: enable rot_vec: ESP_OK[0m
[0;32mI (2226) payload: enable accel:   ESP_OK[0m
[0;32mI (2226) payload: enable lin_acc: ESP_OK[0m
[0;32mI (2266) payload: Payload Initialized[0m
[0;32mI (2266) payload: state 1 -> 3[0m
[0;32mI (2266) main_task: Returned from app_main()[0m
[0;32mI (2286) payload: deploying lift: 500 steps on STEP1[0m
[0;33mW (2386) payload: IMU read timeout (1)[0m
[0;33mW (2486) payload: IMU read timeout (2)[0m
[0;33mW (2586) payload: IMU read timeout (3)[0m
[0;33mW (2686) payload: IMU read timeout (4)[0m
[0;33mW (2786) payload: IMU read timeout (5)[0m
[0;32mI (2786) payload: lift deploy done, aligning roll[0m
[0;32mI (2986) payload: deploy sequence complete[0m
[0;32mI (3266) payload: LDR N=541 S=483 E=78 W=0  ew_sum=78 ns_sum=1024[0m
[0;32mI (4266) payload: LDR N=539 S=485 E=74 W=0  ew_sum=74 ns_sum=1024[0m
[0;32mI (5266) payload: LDR N=541 S=484 E=49 W=0  ew_sum=49 ns_sum=1025[0m
[0;32mI (6266) payload: LDR N=541 S=479 E=63 W=0  ew_sum=63 ns_sum=1020[0m
[0;32mI (7266) payload: LDR N=541 S=479 E=68 W=0  ew_sum=68 ns_sum=1020[0m
[0;32mI (8266) payload: LDR N=544 S=484 E=84 W=0  ew_sum=84 ns_sum=1028[0m
[0;32mI (9266) payload: LDR N=542 S=486 E=85 W=0  ew_sum=85 ns_sum=1028[0m
[0;32mI (10266) payload: LDR N=541 S=487 E=74 W=0  ew_sum=74 ns_sum=1028[0m
[0;32mI (11266) payload: LDR N=542 S=485 E=70 W=0  ew_sum=70 ns_sum=1027[0m
[0;32mI (12266) payload: LDR N=541 S=486 E=75 W=0  ew_sum=75 ns_sum=1027[0m
[0;32mI (13266) payload: LDR N=540 S=484 E=56 W=0  ew_sum=56 ns_sum=1024[0m
[0;32mI (14266) payload: LDR N=549 S=487 E=86 W=0  ew_sum=86 ns_sum=1036[0m
[0;32mI (15266) payload: LDR N=549 S=489 E=66 W=0  ew_sum=66 ns_sum=1038[0m
[0;32mI (16266) payload: LDR N=549 S=488 E=74 W=0  ew_sum=74 ns_sum=1037[0m
[0;32mI (17266) payload: LDR N=548 S=488 E=70 W=0  ew_sum=70 ns_sum=1036[0m
[0;32mI (18266) payload: LDR N=555 S=497 E=94 W=0  ew_sum=94 ns_sum=1052[0m
[0;32mI (19266) payload: LDR N=541 S=483 E=63 W=0  ew_sum=63 ns_sum=1024[0m
[0;32mI (20266) payload: LDR N=540 S=485 E=46 W=0  ew_sum=46 ns_sum=1025[0m
[0;32mI (21266) payload: LDR N=548 S=492 E=96 W=0  ew_sum=96 ns_sum=1040[0m
[0;32mI (22266) payload: LDR N=548 S=490 E=63 W=0  ew_sum=63 ns_sum=1038[0m
[0;32mI (23266) payload: LDR N=550 S=490 E=68 W=0  ew_sum=68 ns_sum=1040[0m
[0;32mI (24266) payload: LDR N=549 S=490 E=95 W=0  ew_sum=95 ns_sum=1039[0m
[0;32mI (25266) payload: LDR N=540 S=481 E=69 W=0  ew_sum=69 ns_sum=1021[0m
[0;32mI (26266) payload: LDR N=549 S=485 E=67 W=0  ew_sum=67 ns_sum=1034[0m
[0;32mI (27266) payload: LDR N=542 S=484 E=86 W=0  ew_sum=86 ns_sum=1026[0m
[0;32mI (28266) payload: LDR N=549 S=491 E=78 W=0  ew_sum=78 ns_sum=1040[0m
[0;32mI (29266) payload: LDR N=551 S=491 E=79 W=0  ew_sum=79 ns_sum=1042[0m
[0;32mI (30266) payload: LDR N=550 S=490 E=54 W=0  ew_sum=54 ns_sum=1040[0m
[0;32mI (31266) payload: LDR N=551 S=493 E=58 W=0  ew_sum=58 ns_sum=1044[0m
[0;32mI (32266) payload: LDR N=550 S=491 E=67 W=0  ew_sum=67 ns_sum=1041[0m
[0;32mI (33266) payload: LDR N=552 S=495 E=70 W=0  ew_sum=70 ns_sum=1047[0m
[0;32mI (34266) payload: LDR N=552 S=493 E=68 W=0  ew_sum=68 ns_sum=1045[0m
