Command: /home/jonathan/.espressif/python_env/idf6.1_py3.13_env/bin/python /home/jonathan/esp/esp-idf/tools/idf_monitor.py -p /dev/ttyUSB0 -b 115200 --toolchain-prefix xtensa-esp32-elf- --target esp32 --revision 0 /home/jonathan/esp/payload/build/payload.elf /home/jonathan/esp/payload/build/bootloader/bootloader.elf -m '/home/jonathan/.espressif/python_env/idf6.1_py3.13_env/bin/python' '/home/jonathan/esp/esp-idf/tools/idf.py'
ze(4096k) larger than the size in the binary image header(2048k). Using the size in the binary image header.
I �ets Jul 29 2019 12:21:46

rst:0x1 (POWERON_RESET),boot:0x17 (SPI_FAST_FLASH_BOOT)
configsip: 0, SPIWP:0xee
clk_drv:0x00,q_drv:0x00,d_drv:0x00,cs0_drv:0x00,hd_drv:0x00,wp_drv:0x00
mode:DIO, clock div:2
load:0x3fff0040,len:6272
load:0x40078000,len:15848
load:0x40080400,len:3920
entry 0x40080644
[0;32mI (27) boot: ESP-IDF v6.1-dev-3863-g338f341110 2nd stage bootloader[0m
[0;32mI (27) boot: compile time Jun 12 2026 22:38:45[0m
[0;32mI (28) boot: Multicore bootloader[0m
[0;32mI (30) boot: chip revision: v3.1[0m
[0;32mI (33) boot.esp32: SPI Speed      : 40MHz[0m
[0;32mI (37) boot.esp32: SPI Mode       : DIO[0m
[0;32mI (40) boot.esp32: SPI Flash Size : 2MB[0m
[0;32mI (44) boot: Enabling RNG early entropy source...[0m
[0;32mI (49) boot: Partition Table:[0m
[0;32mI (51) boot: ## Label            Usage          Type ST Offset   Length[0m
[0;32mI (57) boot:  0 nvs              WiFi data        01 02 00009000 00006000[0m
[0;32mI (64) boot:  1 phy_init         RF data          01 01 0000f000 00001000[0m
[0;32mI (71) boot:  2 factory          factory app      00 00 00010000 00100000[0m
[0;32mI (77) boot: End of partition table[0m
[0;32mI (80) esp_image: segment 0: paddr=00010020 vaddr=3f400020 size=0bce0h ( 48352) map[0m
[0;32mI (105) esp_image: segment 1: paddr=0001bd08 vaddr=3ffb0000 size=02ce4h ( 11492) load[0m
[0;32mI (110) esp_image: segment 2: paddr=0001e9f4 vaddr=40080000 size=01624h (  5668) load[0m
[0;32mI (112) esp_image: segment 3: paddr=00020020 vaddr=400d0020 size=142d4h ( 82644) map[0m
[0;32mI (146) esp_image: segment 4: paddr=000342fc vaddr=40081624 size=0c0d8h ( 49368) load[0m
[0;32mI (166) esp_image: segment 5: paddr=000403dc vaddr=50000000 size=00028h (    40) load[0m
[0;32mI (173) boot: Loaded app from partition at offset 0x10000[0m
[0;32mI (174) boot: Disabling RNG early entropy source...[0m
[0;32mI (184) cpu_start: Multicore app[0m
[0;32mI (193) cpu_start: GPIO 3 and 1 are used as console UART I/O pins[0m
[0;32mI (193) cpu_start: Pro cpu start user code[0m
[0;32mI (193) cpu_start: cpu freq: 160000000 Hz[0m
[0;32mI (195) app_init: Application information:[0m
[0;32mI (199) app_init: Project name:     payload[0m
[0;32mI (202) app_init: App version:      d9542d3-dirty[0m
[0;32mI (207) app_init: Compile time:     Jun 12 2026 20:13:35[0m
[0;32mI (212) app_init: ELF file SHA256:  053569382...[0m
[0;32mI (216) app_init: ESP-IDF:          v6.1-dev-3863-g338f341110[0m
[0;32mI (222) efuse_init: Min chip rev:     v0.0[0m
[0;32mI (226) efuse_init: Max chip rev:     v3.99 [0m
[0;32mI (230) efuse_init: Chip rev:         v3.1[0m
[0;32mI (234) heap_init: Initializing. RAM available for dynamic allocation:[0m
[0;32mI (240) heap_init: At 3FFAE6E0 len 00001920 (6 KiB): DRAM[0m
[0;32mI (245) heap_init: At 3FFB47F0 len 0002B810 (174 KiB): DRAM[0m
[0;32mI (250) heap_init: At 3FFE0440 len 00003AE0 (14 KiB): D/IRAM[0m
[0;32mI (255) heap_init: At 3FFE4350 len 0001BCB0 (111 KiB): D/IRAM[0m
[0;32mI (261) heap_init: At 4008D6FC len 00012904 (74 KiB): IRAM[0m
[0;32mI (268) spi_flash: detected chip: generic[0m
[0;32mI (270) spi_flash: flash io: dio[0m
[0;33mW (273) spi_flash: Detected size(4096k) larger than the size in the binary image header(2048k). Using the size in the binary image header.[0m
[0;32mI (286) main_task: Started on CPU0[0m
[0;32mI (296) main_task: Calling app_main()[0m
[0;32mI (296) payload: SPI Bus Active[0m
[0;33mW (296) gpio: conflict found for GPIO[5][0m
[0;33mW (296) gpio: conflict found for GPIO[21][0m
[0;32mI (296) payload: IMU Initialized[0m
[0;32mI (606) payload: IMU NRST released — INT pin level: 0 (expect 0 if chip is alive)[0m
[0;32mI (656) payload: IMU reset OK — drained 3 startup packets[0m
[0;32mI (656) payload: enable rot_vec: ESP_OK[0m
[0;32mI (656) payload: enable accel:   ESP_OK[0m
[0;32mI (656) payload: enable lin_acc: ESP_OK[0m
[0;32mI (696) payload: Payload Initialized[0m
[0;32mI (696) payload: state 1 -> 3[0m
[0;32mI (696) main_task: Returned from app_main()[0m
[0;32mI (706) payload: ch2 pkt: len=21 id=0xFC[0m
[0;32mI (716) payload: deploying lift: 500 steps on STEP1[0m
[0;32mI (756) payload: ch2 pkt: len=21 id=0xFC[0m
[0;32mI (756) payload: ch2 pkt: len=21 id=0xFC[0m
[0;32mI (1036) payload: IMU  a=[0.42 -0.96 9.34] |a|=9.40  q=[0.8509 -0.0551 0.0076 -0.5224]  la=[-0.01 -0.00 -0.04][0m
[0;32mI (1216) payload: lift deploy done, aligning roll[0m
[0;32mI (1216) payload: deploy sequence complete[0m
[0;32mI (1346) payload: IMU  a=[0.42 -0.96 9.43] |a|=9.48  q=[0.8509 -0.0550 0.0074 -0.5225]  la=[0.03 0.04 -0.00][0m
[0;32mI (1646) payload: IMU  a=[0.46 -0.96 9.42] |a|=9.48  q=[0.8508 -0.0550 0.0073 -0.5225]  la=[-0.01 -0.00 0.02][0m
[0;32mI (1696) payload: LDR N=563 S=504 E=100 W=0  ew_sum=100 ns_sum=1067[0m
[0;32mI (1956) payload: IMU  a=[0.42 -0.96 9.38] |a|=9.44  q=[0.8508 -0.0549 0.0073 -0.5225]  la=[0.00 -0.00 -0.00][0m
[0;32mI (2266) payload: IMU  a=[0.46 -0.96 9.42] |a|=9.48  q=[0.8508 -0.0548 0.0073 -0.5225]  la=[0.00 -0.00 0.02][0m
[0;32mI (2566) payload: IMU  a=[0.46 -0.96 9.42] |a|=9.48  q=[0.8508 -0.0547 0.0073 -0.5226]  la=[0.00 -0.00 0.02][0m
[0;32mI (2696) payload: LDR N=560 S=503 E=95 W=0  ew_sum=95 ns_sum=1063[0m
[0;32mI (2876) payload: IMU  a=[0.42 -0.96 9.43] |a|=9.48  q=[0.8508 -0.0549 0.0073 -0.5226]  la=[-0.01 0.00 -0.01][0m
[0;32mI (3186) payload: IMU  a=[0.42 -0.96 9.43] |a|=9.48  q=[0.8508 -0.0547 0.0073 -0.5226]  la=[0.00 0.04 -0.01][0m
[0;32mI (3486) payload: IMU  a=[0.42 -0.96 9.43] |a|=9.48  q=[0.8508 -0.0547 0.0073 -0.5226]  la=[0.00 -0.00 -0.01][0m
[0;32mI (3696) payload: LDR N=560 S=501 E=100 W=0  ew_sum=100 ns_sum=1061[0m
[0;32mI (3796) payload: IMU  a=[0.42 -0.96 9.38] |a|=9.44  q=[0.8508 -0.0547 0.0073 -0.5226]  la=[0.04 -0.00 -0.01][0m
[0;32mI (4106) payload: IMU  a=[0.42 -0.96 9.38] |a|=9.44  q=[0.8508 -0.0549 0.0073 -0.5226]  la=[-0.01 0.00 0.02][0m
[0;32mI (4406) payload: IMU  a=[0.42 -0.96 9.38] |a|=9.44  q=[0.8508 -0.0549 0.0073 -0.5226]  la=[0.00 -0.00 -0.01][0m
[0;32mI (4696) payload: LDR N=559 S=499 E=94 W=0  ew_sum=94 ns_sum=1058[0m
[0;32mI (4716) payload: IMU  a=[0.46 -0.96 9.39] |a|=9.45  q=[0.8508 -0.0548 0.0073 -0.5226]  la=[-0.01 0.04 0.02][0m
[0;32mI (5026) payload: IMU  a=[0.46 -0.96 9.42] |a|=9.48  q=[0.8507 -0.0549 0.0073 -0.5226]  la=[-0.01 0.04 -0.02][0m
[0;32mI (5326) payload: IMU  a=[0.42 -0.96 9.43] |a|=9.48  q=[0.8507 -0.0550 0.0073 -0.5226]  la=[-0.01 -0.00 0.02][0m
[0;32mI (5636) payload: IMU  a=[0.42 -0.96 9.43] |a|=9.48  q=[0.8507 -0.0550 0.0072 -0.5226]  la=[0.00 -0.00 0.02][0m
[0;32mI (5696) payload: LDR N=558 S=494 E=83 W=0  ew_sum=83 ns_sum=1052[0m
[0;32mI (5946) payload: IMU  a=[0.42 -0.92 9.43] |a|=9.48  q=[0.8507 -0.0549 0.0071 -0.5226]  la=[-0.01 0.00 0.02][0m
[0;32mI (6246) payload: IMU  a=[0.42 -0.96 9.43] |a|=9.48  q=[0.8507 -0.0549 0.0071 -0.5226]  la=[-0.01 -0.00 0.02][0m
[0;32mI (6556) payload: IMU  a=[0.42 -0.96 9.38] |a|=9.44  q=[0.8507 -0.0549 0.0071 -0.5226]  la=[-0.01 -0.00 -0.01][0m
[0;32mI (6696) payload: LDR N=556 S=501 E=98 W=0  ew_sum=98 ns_sum=1057[0m
[0;32mI (6856) payload: IMU  a=[0.42 -0.96 9.38] |a|=9.44  q=[0.8507 -0.0549 0.0071 -0.5226]  la=[-0.01 -0.00 -0.01][0m
[0;32mI (7166) payload: IMU  a=[0.42 -0.96 9.43] |a|=9.48  q=[0.8507 -0.0549 0.0071 -0.5226]  la=[0.00 -0.00 0.02][0m
[0;32mI (7476) payload: IMU  a=[0.42 -0.96 9.38] |a|=9.44  q=[0.8507 -0.0549 0.0071 -0.5226]  la=[-0.01 -0.00 -0.01][0m
[0;32mI (7696) payload: LDR N=567 S=502 E=71 W=0  ew_sum=71 ns_sum=1069[0m
[0;32mI (7776) payload: IMU  a=[0.42 -0.96 9.38] |a|=9.44  q=[0.8507 -0.0549 0.0073 -0.5226]  la=[0.00 0.00 -0.01][0m
[0;32mI (8086) payload: IMU  a=[0.42 -0.96 9.38] |a|=9.44  q=[0.8507 -0.0550 0.0074 -0.5226]  la=[0.00 0.00 -0.01][0m
[0;32mI (8396) payload: IMU  a=[0.42 -0.96 9.38] |a|=9.44  q=[0.8507 -0.0550 0.0074 -0.5226]  la=[0.03 -0.00 -0.01][0m
[0;32mI (8696) payload: LDR N=555 S=487 E=68 W=0  ew_sum=68 ns_sum=1042[0m
[0;32mI (8696) payload: IMU  a=[0.42 -0.96 9.38] |a|=9.44  q=[0.8507 -0.0550 0.0073 -0.5226]  la=[-0.01 0.04 -0.01][0m
[0;32mI (9006) payload: IMU  a=[0.42 -0.92 9.43] |a|=9.48  q=[0.8507 -0.0549 0.0073 -0.5226]  la=[0.00 0.04 0.03][0m
[0;32mI (9316) payload: IMU  a=[0.46 -0.92 9.42] |a|=9.48  q=[0.8507 -0.0549 0.0073 -0.5226]  la=[-0.01 -0.00 0.02][0m
[0;32mI (9616) payload: IMU  a=[0.46 -0.96 9.42] |a|=9.48  q=[0.8507 -0.0549 0.0072 -0.5226]  la=[0.03 -0.00 -0.02][0m
[0;32mI (9696) payload: LDR N=566 S=500 E=91 W=0  ew_sum=91 ns_sum=1066[0m
[0;32mI (9926) payload: IMU  a=[0.42 -0.96 9.43] |a|=9.48  q=[0.8507 -0.0549 0.0071 -0.5226]  la=[-0.01 -0.00 0.02][0m
[0;32mI (10236) payload: IMU  a=[0.42 -0.92 9.43] |a|=9.48  q=[0.8507 -0.0549 0.0071 -0.5226]  la=[-0.01 -0.00 -0.06][0m
[0;32mI (10536) payload: IMU  a=[0.38 -0.96 9.39] |a|=9.44  q=[0.8508 -0.0549 0.0071 -0.5226]  la=[-0.01 -0.04 0.02][0m
[0;32mI (10696) payload: LDR N=564 S=498 E=90 W=0  ew_sum=90 ns_sum=1062[0m
[0;32mI (10846) payload: IMU  a=[0.46 -0.96 9.39] |a|=9.45  q=[0.8507 -0.0548 0.0072 -0.5227]  la=[0.04 -0.00 -0.02][0m
[0;32mI (11156) payload: IMU  a=[0.42 -0.92 9.38] |a|=9.44  q=[0.8507 -0.0548 0.0072 -0.5228]  la=[-0.01 -0.00 0.02][0m
[0;32mI (11456) payload: IMU  a=[0.46 -0.96 9.42] |a|=9.48  q=[0.8507 -0.0548 0.0071 -0.5227]  la=[-0.01 -0.00 0.02][0m
[0;32mI (11696) payload: LDR N=555 S=491 E=87 W=0  ew_sum=87 ns_sum=1046[0m
[0;32mI (11766) payload: IMU  a=[0.42 -0.96 9.34] |a|=9.40  q=[0.8506 -0.0549 0.0071 -0.5228]  la=[-0.01 -0.00 -0.06][0m
[0;32mI (12076) payload: IMU  a=[0.42 -0.92 9.43] |a|=9.48  q=[0.8506 -0.0549 0.0071 -0.5229]  la=[-0.01 0.04 0.02][0m
[0;32mI (12376) payload: IMU  a=[0.42 -0.96 9.43] |a|=9.48  q=[0.8506 -0.0548 0.0071 -0.5229]  la=[-0.01 -0.00 -0.01][0m
[0;32mI (12686) payload: IMU  a=[0.42 -0.96 9.43] |a|=9.48  q=[0.8506 -0.0549 0.0073 -0.5229]  la=[0.00 -0.00 0.02][0m
[0;32mI (12696) payload: LDR N=552 S=494 E=66 W=0  ew_sum=66 ns_sum=1046[0m
[0;32mI (12996) payload: IMU  a=[0.46 -0.92 9.42] |a|=9.48  q=[0.8506 -0.0549 0.0073 -0.5228]  la=[0.03 -0.00 0.02][0m
