Command: /home/jonathan/.espressif/python_env/idf6.1_py3.13_env/bin/python /home/jonathan/esp/esp-idf/tools/idf_monitor.py -p /dev/ttyUSB0 -b 115200 --toolchain-prefix xtensa-esp32-elf- --target esp32 --revision 0 /home/jonathan/esp/payload/build/payload.elf /home/jonathan/esp/payload/build/bootloader/bootloader.elf -m '/home/jonathan/.espressif/python_env/idf6.1_py3.13_env/bin/python' '/home/jonathan/esp/esp-idf/tools/idf.py' '-p' '/dev/ttyUSB0'
ets Jul 29 2019 12:21:46

rst:0x1 (POWERON_RESET),boot:0x17 (SPI_FAST_FLASH_BOOT)
configsip: 0, SPIWP:0xee
clk_drv:0x00,q_drv:0x00,d_drv:0x00,cs0_drv:0x00,hd_drv:0x00,wp_drv:0x00
mode:DIO, clock div:2
load:0x3fff0040,len:6272
load:0x40078000,len:15848
load:0x40080400,len:3920
entry 0x40080644
[0;32mI (27) boot: ESP-IDF v6.1-dev-3863-g338f341110 2nd stage bootloader[0m
[0;32mI (27) boot: compile time Jun 12 2026 22:38:45[0m
[0;32mI (28) boot: Multicore bootloader[0m
[0;32mI (30) boot: chip revision: v3.1[0m
[0;32mI (33) boot.esp32: SPI Speed      : 40MHz[0m
[0;32mI (37) boot.esp32: SPI Mode       : DIO[0m
[0;32mI (40) boot.esp32: SPI Flash Size : 2MB[0m
[0;32mI (44) boot: Enabling RNG early entropy source...[0m
[0;32mI (49) boot: Partition Table:[0m
[0;32mI (51) boot: ## Label            Usage          Type ST Offset   Length[0m
[0;32mI (57) boot:  0 nvs              WiFi data        01 02 00009000 00006000[0m
[0;32mI (64) boot:  1 phy_init         RF data          01 01 0000f000 00001000[0m
[0;32mI (71) boot:  2 factory          factory app      00 00 00010000 00100000[0m
[0;32mI (77) boot: End of partition table[0m
[0;32mI (80) esp_image: segment 0: paddr=00010020 vaddr=3f400020 size=0eab8h ( 60088) map[0m
[0;32mI (109) esp_image: segment 1: paddr=0001eae0 vaddr=3ffb0000 size=01538h (  5432) load[0m
[0;32mI (112) esp_image: segment 2: paddr=00020020 vaddr=400d0020 size=2057ch (132476) map[0m
[0;32mI (160) esp_image: segment 3: paddr=000405a4 vaddr=3ffb1538 size=017d0h (  6096) load[0m
[0;32mI (163) esp_image: segment 4: paddr=00041d7c vaddr=40080000 size=0d874h ( 55412) load[0m
[0;32mI (187) esp_image: segment 5: paddr=0004f5f8 vaddr=50000000 size=00028h (    40) load[0m
[0;32mI (194) boot: Loaded app from partition at offset 0x10000[0m
[0;32mI (194) boot: Disabling RNG early entropy source...[0m
[0;32mI (205) cpu_start: Multicore app[0m
[0;32mI (213) cpu_start: GPIO 3 and 1 are used as console UART I/O pins[0m
[0;32mI (213) cpu_start: Pro cpu start user code[0m
[0;32mI (213) cpu_start: cpu freq: 160000000 Hz[0m
[0;32mI (215) app_init: Application information:[0m
[0;32mI (219) app_init: Project name:     payload[0m
[0;32mI (223) app_init: App version:      d9542d3-dirty[0m
[0;32mI (227) app_init: Compile time:     Jun 12 2026 20:13:35[0m
[0;32mI (232) app_init: ELF file SHA256:  65c3fb228...[0m
[0;32mI (237) app_init: ESP-IDF:          v6.1-dev-3863-g338f341110[0m
[0;32mI (242) efuse_init: Min chip rev:     v0.0[0m
[0;32mI (246) efuse_init: Max chip rev:     v3.99 [0m
[0;32mI (250) efuse_init: Chip rev:         v3.1[0m
[0;32mI (254) heap_init: Initializing. RAM available for dynamic allocation:[0m
[0;32mI (260) heap_init: At 3FFAE6E0 len 00001920 (6 KiB): DRAM[0m
[0;32mI (265) heap_init: At 3FFB38C8 len 0002C738 (177 KiB): DRAM[0m
[0;32mI (271) heap_init: At 3FFE0440 len 00003AE0 (14 KiB): D/IRAM[0m
[0;32mI (276) heap_init: At 3FFE4350 len 0001BCB0 (111 KiB): D/IRAM[0m
[0;32mI (281) heap_init: At 4008D874 len 0001278C (73 KiB): IRAM[0m
[0;32mI (288) spi_flash: detected chip: generic[0m
[0;32mI (290) spi_flash: flash io: dio[0m
[0;33mW (293) spi_flash: Detected size(4096k) larger than the size in the binary image header(2048k). Using the size in the binary image header.[0m
[0;32mI (307) main_task: Started on CPU0[0m
[0;32mI (317) main_task: Calling app_main()[0m
[0;32mI (317) payload: SPI Bus Active[0m
[0;32mI (317) sdspi_transaction: cmd=52, R1 response: command not supported[0m
[0;32mI (437) sdspi_transaction: cmd=5, R1 response: command not supported[0m
[1;31mE (487) sdmmc_sd: sdmmc_check_scr: send_scr returned 0x109[0m
[1;31mE (487) vfs_fat_sdmmc: sdmmc_card_init failed (0x109).[0m
[0;33mW (487) gpio: conflict found for GPIO[22][0m
[1;31mE (497) vfs_fat_sdmmc: esp_vfs_fat_sdspi_sdcard_init failed (0x109).[0m
[0;32mI (497) payload: SD Card Mounted[0m
[0;33mW (507) gpio: conflict found for GPIO[6][0m
ets Jul 29 2019 12:21:46

rst:0x8 (TG1WDT_SYS_RESET),boot:0x17 (SPI_FAST_FLASH_BOOT)
configsip: 0, SPIWP:0xee
clk_drv:0x00,q_drv:0x00,d_drv:0x00,cs0_drv:0x00,hd_drv:0x00,wp_drv:0x00
mode:DIO, clock div:2
load:0x3fff0040,len:6272
load:0x40078000,len:15848
load:0x40080400,len:3920
entry 0x40080644
[0;32mI (54) boot: ESP-IDF v6.1-dev-3863-g338f341110 2nd stage bootloader[0m
[0;32mI (54) boot: compile time Jun 12 2026 22:38:45[0m
[0;32mI (54) boot: Multicore bootloader[0m
[0;32mI (58) boot: chip revision: v3.1[0m
[0;32mI (61) boot.esp32: SPI Speed      : 40MHz[0m
[0;32mI (64) boot.esp32: SPI Mode       : DIO[0m
[0;32mI (68) boot.esp32: SPI Flash Size : 2MB[0m
[0;33mW (71) boot.esp32: PRO CPU has been reset by WDT[0m
[0;33mW (76) boot.esp32: WDT rst info: PRO CPU PC=0x4008d758[0m
[0;33mW (81) boot.esp32: WDT rst info: APP CPU PC=0x4008d758[0m
[0;32mI (86) boot: Enabling RNG early entropy source...[0m
[0;32mI (90) boot: Partition Table:[0m
[0;32mI (93) boot: ## Label            Usage          Type ST Offset   Length[0m
[0;32mI (99) boot:  0 nvs              WiFi data        01 02 00009000 00006000[0m
[0;32mI (105) boot:  1 phy_init         RF data          01 01 0000f000 00001000[0m
[0;32mI (112) boot:  2 factory          factory app      00 00 00010000 00100000[0m
[0;32mI (119) boot: End of partition table[0m
[0;32mI (122) esp_image: segment 0: paddr=00010020 vaddr=3f400020 size=0eab8h ( 60088) map[0m
[0;32mI (151) esp_image: segment 1: paddr=0001eae0 vaddr=3ffb0000 size=01538h (  5432) load[0m
[0;32mI (153) esp_image: segment 2: paddr=00020020 vaddr=400d0020 size=2057ch (132476) map[0m
[0;32mI (202) esp_image: segment 3: paddr=000405a4 vaddr=3ffb1538 size=017d0h (  6096) load[0m
[0;32mI (205) esp_image: segment 4: paddr=00041d7c vaddr=40080000 size=0d874h ( 55412) load[0m
[0;32mI (229) esp_image: segment 5: paddr=0004f5f8 vaddr=50000000 size=00028h (    40) load[0m
[0;32mI (236) boot: Loaded app from partition at offset 0x10000[0m
[0;32mI (236) boot: Disabling RNG early entropy source...[0m
[0;32mI (247) cpu_start: Multicore app[0m
[0;32mI (255) cpu_start: GPIO 3 and 1 are used as console UART I/O pins[0m
[0;32mI (255) cpu_start: Pro cpu start user code[0m
[0;32mI (255) cpu_start: cpu freq: 160000000 Hz[0m
[0;32mI (257) app_init: Application information:[0m
[0;32mI (261) app_init: Project name:     payload[0m
[0;32mI (265) app_init: App version:      d9542d3-dirty[0m
[0;32mI (269) app_init: Compile time:     Jun 12 2026 20:13:35[0m
[0;32mI (274) app_init: ELF file SHA256:  65c3fb228...[0m
[0;32mI (279) app_init: ESP-IDF:          v6.1-dev-3863-g338f341110[0m
[0;32mI (284) efuse_init: Min chip rev:     v0.0[0m
[0;32mI (288) efuse_init: Max chip rev:     v3.99 [0m
[0;32mI (292) efuse_init: Chip rev:         v3.1[0m
[0;32mI (296) heap_init: Initializing. RAM available for dynamic allocation:[0m
[0;32mI (302) heap_init: At 3FFAE6E0 len 00001920 (6 KiB): DRAM[0m
[0;32mI (307) heap_init: At 3FFB38C8 len 0002C738 (177 KiB): DRAM[0m
[0;32mI (312) heap_init: At 3FFE0440 len 00003AE0 (14 KiB): D/IRAM[0m
[0;32mI (318) heap_init: At 3FFE4350 len 0001BCB0 (111 KiB): D/IRAM[0m
[0;32mI (323) heap_init: At 4008D874 len 0001278C (73 KiB): IRAM[0m
[0;32mI (330) spi_flash: detected chip: generic[0m
[0;32mI (332) spi_flash: flash io: dio[0m
[0;33mW (335) spi_flash: Detected size(4096k) larger than the size in the binary image header(2048k). Using the size in the binary image header.[0m
[0;32mI (349) main_task: Started on CPU0[0m
[0;32mI (359) main_task: Calling app_main()[0m
[0;32mI (359) payload: SPI Bus Active[0m
[0;32mI (479) sdspi_transaction: cmd=5, R1 response: command not supported[0m
[1;31mE (529) sdmmc_sd: sdmmc_check_scr: send_scr returned 0x109[0m
[1;31mE (529) vfs_fat_sdmmc: sdmmc_card_init failed (0x109).[0m
[0;33mW (529) gpio: conflict found for GPIO[22][0m
[1;31mE (539) vfs_fat_sdmmc: esp_vfs_fat_sdspi_sdcard_init failed (0x109).[0m
[0;32mI (539) payload: SD Card Mounted[0m
[0;33mW (549) gpio: conflict found for GPIO[6][0m
ets Jul 29 2019 12:21:46

rst:0x8 (TG1WDT_SYS_RESET),boot:0x17 (SPI_FAST_FLASH_BOOT)
configsip: 0, SPIWP:0xee
clk_drv:0x00,q_drv:0x00,d_drv:0x00,cs0_drv:0x00,hd_drv:0x00,wp_drv:0x00
mode:DIO, clock div:2
load:0x3fff0040,len:6272
load:0x40078000,len:15848
load:0x40080400,len:3920
entry 0x40080644
[0;32mI (54) boot: ESP-IDF v6.1-dev-3863-g338f341110 2nd stage bootloader[0m
[0;32mI (54) boot: compile time Jun 12 2026 22:38:45[0m
[0;32mI (54) boot: Multicore bootloader[0m
[0;32mI (58) boot: chip revision: v3.1[0m
[0;32mI (61) boot.esp32: SPI Speed      : 40MHz[0m
[0;32mI (64) boot.esp32: SPI Mode       : DIO[0m
[0;32mI (68) boot.esp32: SPI Flash Size : 2MB[0m
[0;33mW (71) boot.esp32: PRO CPU has been reset by WDT[0m
[0;33mW (76) boot.esp32: WDT rst info: PRO CPU PC=0x4008d758[0m
[0;33mW (81) boot.esp32: WDT rst info: APP CPU PC=0x4008d758[0m
[0;32mI (86) boot: Enabling RNG early entropy source...[0m
[0;32mI (90) boot: Partition Table:[0m
[0;32mI (93) boot: ## Label            Usage          Type ST Offset   Length[0m
[0;32mI (99) boot:  0 nvs              WiFi data        01 02 00009000 00006000[0m
[0;32mI (105) boot:  1 phy_init         RF data          01 01 0000f000 00001000[0m
[0;32mI (112) boot:  2 factory          factory app      00 00 00010000 00100000[0m
[0;32mI (119) boot: End of partition table[0m
[0;32mI (122) esp_image: segment 0: paddr=00010020 vaddr=3f400020 size=0eab8h ( 60088) map[0m
[0;32mI (151) esp_image: segment 1: paddr=0001eae0 vaddr=3ffb0000 size=01538h (  5432) load[0m
[0;32mI (153) esp_image: segment 2: paddr=00020020 vaddr=400d0020 size=2057ch (132476) map[0m
[0;32mI (202) esp_image: segment 3: paddr=000405a4 vaddr=3ffb1538 size=017d0h (  6096) load[0m
[0;32mI (205) esp_image: segment 4: paddr=00041d7c vaddr=40080000 size=0d874h ( 55412) load[0m
[0;32mI (229) esp_image: segment 5: paddr=0004f5f8 vaddr=50000000 size=00028h (    40) load[0m
[0;32mI (236) boot: Loaded app from partition at offset 0x10000[0m
[0;32mI (236) boot: Disabling RNG early entropy source...[0m
[0;32mI (247) cpu_start: Multicore app[0m
[0;32mI (255) cpu_start: GPIO 3 and 1 are used as console UART I/O pins[0m
[0;32mI (255) cpu_start: Pro cpu start user code[0m
[0;32mI (255) cpu_start: cpu freq: 160000000 Hz[0m
[0;32mI (257) app_init: Application information:[0m
[0;32mI (261) app_init: Project name:     payload[0m
[0;32mI (265) app_init: App version:      d9542d3-dirty[0m
[0;32mI (269) app_init: Compile time:     Jun 12 2026 20:13:35[0m
[0;32mI (274) app_init: ELF file SHA256:  65c3fb228...[0m
[0;32mI (279) app_init: ESP-IDF:          v6.1-dev-3863-g338f341110[0m
[0;32mI (284) efuse_init: Min chip rev:     v0.0[0m
[0;32mI (288) efuse_init: Max chip rev:     v3.99 [0m
[0;32mI (292) efuse_init: Chip rev:         v3.1[0m
[0;32mI (296) heap_init: Initializing. RAM available for dynamic allocation:[0m
[0;32mI (302) heap_init: At 3FFAE6E0 len 00001920 (6 KiB): DRAM[0m
[0;32mI (307) heap_init: At 3FFB38C8 len 0002C738 (177 KiB): DRAM[0m
[0;32mI (312) heap_init: At 3FFE0440 len 00003AE0 (14 KiB): D/IRAM[0m
[0;32mI (318) heap_init: At 3FFE4350 len 0001BCB0 (111 KiB): D/IRAM[0m
[0;32mI (323) heap_init: At 4008D874 len 0001278C (73 KiB): IRAM[0m
[0;32mI (330) spi_flash: detected chip: generic[0m
[0;32mI (332) spi_flash: flash io: dio[0m
[0;33mW (335) spi_flash: Detected size(4096k) larger than the size in the binary image header(2048k). Using the size in the binary image header.[0m
[0;32mI (349) main_task: Started on CPU0[0m
[0;32mI (359) main_task: Calling app_main()[0m
[0;32mI (359) payload: SPI Bus Active[0m
[0;32mI (479) sdspi_transaction: cmd=5, R1 response: command not supported[0m
[1;31mE (529) sdmmc_sd: sdmmc_check_scr: send_scr returned 0x109[0m
[1;31mE (529) vfs_fat_sdmmc: sdmmc_card_init failed (0x109).[0m
[0;33mW (529) gpio: conflict found for GPIO[22][0m
[1;31mE (539) vfs_fat_sdmmc: esp_vfs_fat_sdspi_sdcard_init failed (0x109).[0m
[0;32mI (539) payload: SD Card Mounted[0m
[0;33mW (549) gpio: conflict found for GPIO[6][0m
ets Jul 29 2019 12:21:46

rst:0x8 (TG1WDT_SYS_RESET),boot:0x17 (SPI_FAST_FLASH_BOOT)
configsip: 0, SPIWP:0xee
clk_drv:0x00,q_drv:0x00,d_drv:0x00,cs0_drv:0x00,hd_drv:0x00,wp_drv:0x00
mode:DIO, clock div:2
load:0x3fff0040,len:6272
load:0x40078000,len:15848
load:0x40080400,len:3920
entry 0x40080644
[0;32mI (54) boot: ESP-IDF v6.1-dev-3863-g338f341110 2nd stage bootloader[0m
[0;32mI (54) boot: compile time Jun 12 2026 22:38:45[0m
[0;32mI (54) boot: Multicore bootloader[0m
[0;32mI (58) boot: chip revision: v3.1[0m
[0;32mI (61) boot.esp32: SPI Speed      : 40MHz[0m
[0;32mI (64) boot.esp32: SPI Mode       : DIO[0m
[0;32mI (68) boot.esp32: SPI Flash Size : 2MB[0m
[0;33mW (71) boot.esp32: PRO CPU has been reset by WDT[0m
[0;33mW (76) boot.esp32: WDT rst info: PRO CPU PC=0x4008d758[0m
[0;33mW (81) boot.esp32: WDT rst info: APP CPU PC=0x4008d758[0m
[0;32mI (86) boot: Enabling RNG early entropy source...[0m
[0;32mI (90) boot: Partition Table:[0m
[0;32mI (93) boot: ## Label            Usage          Type ST Offset   Length[0m
[0;32mI (99) boot:  0 nvs              WiFi data        01 02 00009000 00006000[0m
[0;32mI (105) boot:  1 phy_init         RF data          01 01 0000f000 00001000[0m
[0;32mI (112) boot:  2 factory          factory app      00 00 00010000 00100000[0m
[0;32mI (119) boot: End of partition table[0m
[0;32mI (122) esp_image: segment 0: paddr=00010020 vaddr=3f400020 size=0eab8h ( 60088) map[0m
[0;32mI (151) esp_image: segment 1: paddr=0001eae0 vaddr=3ffb0000 size=01538h (  5432) load[0m
[0;32mI (153) esp_image: segment 2: paddr=00020020 vaddr=400d0020 size=2057ch (132476) map[0m
[0;32mI (202) esp_image: segment 3: paddr=000405a4 vaddr=3ffb1538 size=017d0h (  6096) load[0m
[0;32mI (205) esp_image: segment 4: paddr=00041d7c vaddr=40080000 size=0d874h ( 55412) load[0m
[0;32mI (229) esp_image: segment 5: paddr=0004f5f8 vaddr=50000000 size=00028h (    40) load[0m
[0;32mI (236) boot: Loaded app from partition at offset 0x10000[0m
[0;32mI (236) boot: Disabling RNG early entropy source...[0m
[0;32mI (247) cpu_start: Multicore app[0m
[0;32mI (255) cpu_start: GPIO 3 and 1 are used as console UART I/O pins[0m
[0;32mI (255) cpu_start: Pro cpu start user code[0m
[0;32mI (255) cpu_start: cpu freq: 160000000 Hz[0m
[0;32mI (257) app_init: Application information:[0m
[0;32mI (261) app_init: Project name:     payload[0m
[0;32mI (265) app_init: App version:      d9542d3-dirty[0m
[0;32mI (269) app_init: Compile time:     Jun 12 2026 20:13:35[0m
[0;32mI (274) app_init: ELF file SHA256:  65c3fb228...[0m
[0;32mI (279) app_init: ESP-IDF:          v6.1-dev-3863-g338f341110[0m
[0;32mI (284) efuse_init: Min chip rev:     v0.0[0m
[0;32mI (288) efuse_init: Max chip rev:     v3.99 [0m
[0;32mI (292) efuse_init: Chip rev:         v3.1[0m
[0;32mI (296) heap_init: Initializing. RAM available for dynamic allocation:[0m
[0;32mI (302) heap_init: At 3FFAE6E0 len 00001920 (6 KiB): DRAM[0m
[0;32mI (307) heap_init: At 3FFB38C8 len 0002C738 (177 KiB): DRAM[0m
[0;32mI (312) heap_init: At 3FFE0440 len 00003AE0 (14 KiB): D/IRAM[0m
[0;32mI (318) heap_init: At 3FFE4350 len 0001BCB0 (111 KiB): D/IRAM[0m
[0;32mI (323) heap_init: At 4008D874 len 0001278C (73 KiB): IRAM[0m
[0;32mI (330) spi_flash: detected chip: generic[0m
[0;32mI (332) spi_flash: flash io: dio[0m
[0;33mW (335) spi_flash: Detected size(4096k) larger than the size in the binary image header(2048k). Using the size in the binary image header.[0m
[0;32mI (349) main_task: Started on CPU0[0m
[0;32mI (359) main_task: Calling app_main()[0m
[0;32mI (359) payload: SPI Bus Active[0m
[0;32mI (479) sdspi_transaction: cmd=5, R1 response: command not supported[0m
[1;31mE (529) sdmmc_sd: sdmmc_check_scr: send_scr returned 0x109[0m
[1;31mE (529) vfs_fat_sdmmc: sdmmc_card_init failed (0x109).[0m
[0;33mW (529) gpio: conflict found for GPIO[22][0m
[1;31mE (539) vfs_fat_sdmmc: esp_vfs_fat_sdspi_sdcard_init failed (0x109).[0m
[0;32mI (539) payload: SD Card Mounted[0m
[0;33mW (549) gpio: conflict found for GPIO[6][0m
ets Jul 29 2019 12:21:46

rst:0x8 (TG1WDT_SYS_RESET),boot:0x17 (SPI_FAST_FLASH_BOOT)
configsip: 0, SPIWP:0xee
clk_drv:0x00,q_drv:0x00,d_drv:0x00,cs0_drv:0x00,hd_drv:0x00,wp_drv:0x00
mode:DIO, clock div:2
load:0x3fff0040,len:6272
load:0x40078000,len:15848
load:0x40080400,len:3920
entry 0x40080644
[0;32mI (54) boot: ESP-IDF v6.1-dev-3863-g338f341110 2nd stage bootloader[0m
[0;32mI (54) boot: compile time Jun 12 2026 22:38:45[0m
[0;32mI (54) boot: Multicore bootloader[0m
[0;32mI (58) boot: chip revision: v3.1[0m
[0;32mI (61) boot.esp32: SPI Speed      : 40MHz[0m
[0;32mI (64) boot.esp32: SPI Mode       : DIO[0m
[0;32mI (68) boot.esp32: SPI Flash Size : 2MB[0m
[0;33mW (71) boot.esp32: PRO CPU has been reset by WDT[0m
[0;33mW (76) boot.esp32: WDT rst info: PRO CPU PC=0x4008d758[0m
[0;33mW (81) boot.esp32: WDT rst info: APP CPU PC=0x4008d758[0m
[0;32mI (86) boot: Enabling RNG early entropy source...[0m
[0;32mI (90) boot: Partition Table:[0m
[0;32mI (93) boot: ## Label            Usage          Type ST Offset   Length[0m
[0;32mI (99) boot:  0 nvs              WiFi data        01 02 00009000 00006000[0m
[0;32mI (105) boot:  1 phy_init         RF data          01 01 0000f000 00001000[0m
[0;32mI (112) boot:  2 factory          factory app      00 00 00010000 00100000[0m
[0;32mI (119) boot: End of partition table[0m
[0;32mI (122) esp_image: segment 0: paddr=00010020 vaddr=3f400020 size=0eab8h ( 60088) map[0m
[0;32mI (151) esp_image: segment 1: paddr=0001eae0 vaddr=3ffb0000 size=01538h (  5432) load[0m
[0;32mI (153) esp_image: segment 2: paddr=00020020 vaddr=400d0020 size=2057ch (132476) map[0m
[0;32mI (202) esp_image: segment 3: paddr=000405a4 vaddr=3ffb1538 size=017d0h (  6096) load[0m
[0;32mI (205) esp_image: segment 4: paddr=00041d7c vaddr=40080000 size=0d874h ( 55412) load[0m
[0;32mI (229) esp_image: segment 5: paddr=0004f5f8 vaddr=50000000 size=00028h (    40) load[0m
[0;32mI (236) boot: Loaded app from partition at offset 0x10000[0m
[0;32mI (236) boot: Disabling RNG early entropy source...[0m
[0;32mI (247) cpu_start: Multicore app[0m
[0;32mI (255) cpu_start: GPIO 3 and 1 are used as console UART I/O pins[0m
[0;32mI (255) cpu_start: Pro cpu start user code[0m
[0;32mI (255) cpu_start: cpu freq: 160000000 Hz[0m
[0;32mI (257) app_init: Application information:[0m
[0;32mI (261) app_init: Project name:     payload[0m
[0;32mI (265) app_init: App version:      d9542d3-dirty[0m
[0;32mI (269) app_init: Compile time:     Jun 12 2026 20:13:35[0m
[0;32mI (274) app_init: ELF file SHA256:  65c3fb228...[0m
[0;32mI (279) app_init: ESP-IDF:          v6.1-dev-3863-g338f341110[0m
[0;32mI (284) efuse_init: Min chip rev:     v0.0[0m
[0;32mI (288) efuse_init: Max chip rev:     v3.99 [0m
[0;32mI (292) efuse_init: Chip rev:         v3.1[0m
[0;32mI (296) heap_init: Initializing. RAM available for dynamic allocation:[0m
[0;32mI (302) heap_init: At 3FFAE6E0 len 00001920 (6 KiB): DRAM[0m
[0;32mI (307) heap_init: At 3FFB38C8 len 0002C738 (177 KiB): DRAM[0m
[0;32mI (312) heap_init: At 3FFE0440 len 00003AE0 (14 KiB): D/IRAM[0m
[0;32mI (318) heap_init: At 3FFE4350 len 0001BCB0 (111 KiB): D/IRAM[0m
[0;32mI (323) heap_init: At 4008D874 len 0001278C (73 KiB): IRAM[0m
[0;32mI (330) spi_flash: detected chip: generic[0m
[0;32mI (332) spi_flash: flash io: dio[0m
[0;33mW (335) spi_flash: Detected size(4096k) larger than the size in the binary image header(2048k). Using the size in the binary image header.[0m
[0;32mI (349) main_task: Started on CPU0[0m
[0;32mI (359) main_task: Calling app_main()[0m
[0;32mI (359) payload: SPI Bus Active[0m
[0;32mI (479) sdspi_transaction: cmd=5, R1 response: command not supported[0m
[1;31mE (529) sdmmc_sd: sdmmc_check_scr: send_scr returned 0x109[0m
[1;31mE (529) vfs_fat_sdmmc: sdmmc_card_init failed (0x109).[0m
[0;33mW (529) gpio: conflict found for GPIO[22][0m
[1;31mE (539) vfs_fat_sdmmc: esp_vfs_fat_sdspi_sdcard_init failed (0x109).[0m
[0;32mI (539) payload: SD Card Mounted[0m
[0;33mW (549) gpio: conflict found for GPIO[6][0m
ets Jul 29 2019 12:21:46

rst:0x8 (TG1WDT_SYS_RESET),boot:0x17 (SPI_FAST_FLASH_BOOT)
configsip: 0, SPIWP:0xee
clk_drv:0x00,q_drv:0x00,d_drv:0x00,cs0_drv:0x00,hd_drv:0x00,wp_drv:0x00
mode:DIO, clock div:2
load:0x3fff0040,len:6272
load:0x40078000,len:15848
load:0x40080400,len:3920
entry 0x40080644
[0;32mI (54) boot: ESP-IDF v6.1-dev-3863-g338f341110 2nd stage bootloader[0m
[0;32mI (54) boot: compile time Jun 12 2026 22:38:45[0m
[0;32mI (54) boot: Multicore bootloader[0m
[0;32mI (58) boot: chip revision: v3.1[0m
[0;32mI (61) boot.esp32: SPI Speed      : 40MHz[0m
[0;32mI (64) boot.esp32: SPI Mode       : DIO[0m
[0;32mI (68) boot.esp32: SPI Flash Size : 2MB[0m
[0;33mW (71) boot.esp32: PRO CPU has been reset by WDT[0m
[0;33mW (76) boot.esp32: WDT rst info: PRO CPU PC=0x4008d758[0m
[0;33mW (81) boot.esp32: WDT rst info: APP CPU PC=0x4008d758[0m
[0;32mI (86) boot: Enabling RNG early entropy source...[0m
[0;32mI (90) boot: Partition Table:[0m
[0;32mI (93) boot: ## Label            Usage          Type ST Offset   Length[0m
[0;32mI (99) boot:  0 nvs              WiFi data        01 02 00009000 00006000[0m
[0;32mI (105) boot:  1 phy_init         RF data          01 01 0000f000 00001000[0m
[0;32mI (112) boot:  2 factory          factory app      00 00 00010000 00100000[0m
[0;32mI (119) boot: End of partition table[0m
[0;32mI (122) esp_image: segment 0: paddr=00010020 vaddr=3f400020 size=0eab8h ( 60088) map[0m
[0;32mI (151) esp_image: segment 1: paddr=0001eae0 vaddr=3ffb0000 size=01538h (  5432) load[0m
[0;32mI (153) esp_image: segment 2: paddr=00020020 vaddr=400d0020 size=2057ch (132476) map[0m
[0;32mI (202) esp_image: segment 3: paddr=000405a4 vaddr=3ffb1538 size=017d0h (  6096) load[0m
[0;32mI (205) esp_image: segment 4: paddr=00041d7c vaddr=40080000 size=0d874h ( 55412) load[0m
[0;32mI (229) esp_image: segment 5: paddr=0004f5f8 vaddr=50000000 size=00028h (    40) load[0m
[0;32mI (236) boot: Loaded app from partition at offset 0x10000[0m
[0;32mI (236) boot: Disabling RNG early entropy source...[0m
[0;32mI (247) cpu_start: Multicore app[0m
[0;32mI (255) cpu_start: GPIO 3 and 1 are used as console UART I/O pins[0m
[0;32mI (255) cpu_start: Pro cpu start user code[0m
[0;32mI (255) cpu_start: cpu freq: 160000000 Hz[0m
[0;32mI (257) app_init: Application information:[0m
[0;32mI (261) app_init: Project name:     payload[0m
[0;32mI (265) app_init: App version:      d9542d3-dirty[0m
[0;32mI (269) app_init: Compile time:     Jun 12 2026 20:13:35[0m
[0;32mI (274) app_init: ELF file SHA256:  65c3fb228...[0m
[0;32mI (279) app_init: ESP-IDF:          v6.1-dev-3863-g338f341110[0m
[0;32mI (284) efuse_init: Min chip rev:     v0.0[0m
[0;32mI (288) efuse_init: Max chip rev:     v3.99 [0m
[0;32mI (292) efuse_init: Chip rev:         v3.1[0m
[0;32mI (296) heap_init: Initializing. RAM available for dynamic allocation:[0m
[0;32mI (302) heap_init: At 3FFAE6E0 len 00001920 (6 KiB): DRAM[0m
[0;32mI (307) heap_init: At 3FFB38C8 len 0002C738 (177 KiB): DRAM[0m
[0;32mI (312) heap_init: At 3FFE0440 len 00003AE0 (14 KiB): D/IRAM[0m
[0;32mI (318) heap_init: At 3FFE4350 len 0001BCB0 (111 KiB): D/IRAM[0m
[0;32mI (323) heap_init: At 4008D874 len 0001278C (73 KiB): IRAM[0m
[0;32mI (330) spi_flash: detected chip: generic[0m
[0;32mI (332) spi_flash: flash io: dio[0m
[0;33mW (335) spi_flash: Detected size(4096k) larger than the size in the binary image header(2048k). Using the size in the binary image header.[0m
[0;32mI (349) main_task: Started on CPU0[0m
[0;32mI (359) main_task: Calling app_main()[0m
[0;32mI (359) payload: SPI Bus Active[0m
[0;32mI (479) sdspi_transaction: cmd=5, R1 response: command not supported[0m
[1;31mE (529) sdmmc_sd: sdmmc_check_scr: send_scr returned 0x109[0m
[1;31mE (529) vfs_fat_sdmmc: sdmmc_card_init failed (0x109).[0m
[0;33mW (529) gpio: conflict found for GPIO[22][0m
[1;31mE (539) vfs_fat_sdmmc: esp_vfs_fat_sdspi_sdcard_init failed (0x109).[0m
[0;32mI (539) payload: SD Card Mounted[0m
[0;33mW (549) gpio: conflict found for GPIO[6][0m
ets Jul 29 2019 12:21:46

rst:0x8 (TG1WDT_SYS_RESET),boot:0x17 (SPI_FAST_FLASH_BOOT)
configsip: 0, SPIWP:0xee
clk_drv:0x00,q_drv:0x00,d_drv:0x00,cs0_drv:0x00,hd_drv:0x00,wp_drv:0x00
mode:DIO, clock div:2
load:0x3fff0040,len:6272
load:0x40078000,len:15848
load:0x40080400,len:3920
entry 0x40080644
[0;32mI (54) boot: ESP-IDF v6.1-dev-3863-g338f341110 2nd stage bootloader[0m
[0;32mI (54) boot: compile time Jun 12 2026 22:38:45[0m
[0;32mI (54) boot: Multicore bootloader[0m
[0;32mI (58) boot: chip revision: v3.1[0m
[0;32mI (61) boot.esp32: SPI Speed      : 40MHz[0m
[0;32mI (64) boot.esp32: SPI Mode       : DIO[0m
[0;32mI (68) boot.esp32: SPI Flash Size : 2MB[0m
[0;33mW (71) boot.esp32: PRO CPU has been reset by WDT[0m
[0;33mW (76) boot.esp32: WDT rst info: PRO CPU PC=0x4008d758[0m
[0;33mW (81) boot.esp32: WDT rst info: APP CPU PC=0x4008d758[0m
[0;32mI (86) boot: Enabling RNG early entropy source...[0m
[0;32mI (90) boot: Partition Table:[0m
[0;32mI (93) boot: ## Label            Usage          Type ST Offset   Length[0m
[0;32mI (99) boot:  0 nvs              WiFi data        01 02 00009000 00006000[0m
[0;32mI (105) boot:  1 phy_init         RF data          01 01 0000f000 00001000[0m
[0;32mI (112) boot:  2 factory          factory app      00 00 00010000 00100000[0m
[0;32mI (119) boot: End of partition table[0m
[0;32mI (122) esp_image: segment 0: paddr=00010020 vaddr=3f400020 size=0eab8h ( 60088) map[0m
[0;32mI (151) esp_image: segment 1: paddr=0001eae0 vaddr=3ffb0000 size=01538h (  5432) load[0m
[0;32mI (153) esp_image: segment 2: paddr=00020020 vaddr=400d0020 size=2057ch (132476) map[0m
[0;32mI (202) esp_image: segment 3: paddr=000405a4 vaddr=3ffb1538 size=017d0h (  6096) load[0m
[0;32mI (205) esp_image: segment 4: paddr=00041d7c vaddr=40080000 size=0d874h ( 55412) load[0m
[0;32mI (229) esp_image: segment 5: paddr=0004f5f8 vaddr=50000000 size=00028h (    40) load[0m
[0;32mI (236) boot: Loaded app from partition at offset 0x10000[0m
[0;32mI (236) boot: Disabling RNG early entropy source...[0m
[0;32mI (247) cpu_start: Multicore app[0m
[0;32mI (255) cpu_start: GPIO 3 and 1 are used as console UART I/O pins[0m
[0;32mI (255) cpu_start: Pro cpu start user code[0m
[0;32mI (255) cpu_start: cpu freq: 160000000 Hz[0m
[0;32mI (257) app_init: Application information:[0m
[0;32mI (261) app_init: Project name:     payload[0m
[0;32mI (265) app_init: App version:      d9542d3-dirty[0m
[0;32mI (269) app_init: Compile time:     Jun 12 2026 20:13:35[0m
[0;32mI (274) app_init: ELF file SHA256:  65c3fb228...[0m
[0;32mI (279) app_init: ESP-IDF:          v6.1-dev-3863-g338f341110[0m
[0;32mI (284) efuse_init: Min chip rev:     v0.0[0m
[0;32mI (288) efuse_init: Max chip rev:     v3.99 [0m
[0;32mI (292) efuse_init: Chip rev:         v3.1[0m
[0;32mI (296) heap_init: Initializing. RAM available for dynamic allocation:[0m
[0;32mI (302) heap_init: At 3FFAE6E0 len 00001920 (6 KiB): DRAM[0m
[0;32mI (307) heap_init: At 3FFB38C8 len 0002C738 (177 KiB): DRAM[0m
[0;32mI (312) heap_init: At 3FFE0440 len 00003AE0 (14 KiB): D/IRAM[0m
[0;32mI (318) heap_init: At 3FFE4350 len 0001BCB0 (111 KiB): D/IRAM[0m
[0;32mI (323) heap_init: At 4008D874 len 0001278C (73 KiB): IRAM[0m
[0;32mI (330) spi_flash: detected chip: generic[0m
[0;32mI (332) spi_flash: flash io: dio[0m
[0;33mW (335) spi_flash: Detected size(4096k) larger than the size in the binary image header(2048k). Using the size in the binary image header.[0m
[0;32mI (349) main_task: Started on CPU0[0m
[0;32mI (359) main_task: Calling app_main()[0m
[0;32mI (359) payload: SPI Bus Active[0m
[0;32mI (479) sdspi_transaction: cmd=5, R1 response: command not supported[0m
[1;31mE (529) sdmmc_sd: sdmmc_check_scr: send_scr returned 0x109[0m
[1;31mE (529) vfs_fat_sdmmc: sdmmc_card_init failed (0x109).[0m
[0;33mW (529) gpio: conflict found for GPIO[22][0m
[1;31mE (539) vfs_fat_sdmmc: esp_vfs_fat_sdspi_sdcard_init failed (0x109).[0m
[0;32mI (539) payload: SD Card Mounted[0m
[0;33mW (549) gpio: conflict found for GPIO[6][0m
ets Jul 29 2019 12:21:46

rst:0x8 (TG1WDT_SYS_RESET),boot:0x17 (SPI_FAST_FLASH_BOOT)
configsip: 0, SPIWP:0xee
clk_drv:0x00,q_drv:0x00,d_drv:0x00,cs0_drv:0x00,hd_drv:0x00,wp_drv:0x00
mode:DIO, clock div:2
load:0x3fff0040,len:6272
load:0x40078000,len:15848
load:0x40080400,len:3920
entry 0x40080644
[0;32mI (54) boot: ESP-IDF v6.1-dev-3863-g338f341110 2nd stage bootloader[0m
[0;32mI (54) boot: compile time Jun 12 2026 22:38:45[0m
[0;32mI (54) boot: Multicore bootloader[0m
[0;32mI (58) boot: chip revision: v3.1[0m
[0;32mI (61) boot.esp32: SPI Speed      : 40MHz[0m
[0;32mI (64) boot.esp32: SPI Mode       : DIO[0m
[0;32mI (68) boot.esp32: SPI Flash Size : 2MB[0m
[0;33mW (71) boot.esp32: PRO CPU has been reset by WDT[0m
[0;33mW (76) boot.esp32: WDT rst info: PRO CPU PC=0x4008d758[0m
[0;33mW (81) boot.esp32: WDT rst info: APP CPU PC=0x4008d758[0m
[0;32mI (86) boot: Enabling RNG early entropy source...[0m
[0;32mI (90) boot: Partition Table:[0m
[0;32mI (93) boot: ## Label            Usage          Type ST Offset   Length[0m
[0;32mI (99) boot:  0 nvs              WiFi data        01 02 00009000 00006000[0m
[0;32mI (105) boot:  1 phy_init         RF data          01 01 0000f000 00001000[0m
[0;32mI (112) boot:  2 factory          factory app      00 00 00010000 00100000[0m
[0;32mI (119) boot: End of partition table[0m
[0;32mI (122) esp_image: segment 0: paddr=00010020 vaddr=3f400020 size=0eab8h ( 60088) map[0m
[0;32mI (151) esp_image: segment 1: paddr=0001eae0 vaddr=3ffb0000 size=01538h (  5432) load[0m
[0;32mI (153) esp_image: segment 2: paddr=00020020 vaddr=400d0020 size=2057ch (132476) map[0m
[0;32mI (202) esp_image: segment 3: paddr=000405a4 vaddr=3ffb1538 size=017d0h (  6096) load[0m
[0;32mI (205) esp_image: segment 4: paddr=00041d7c vaddr=40080000 size=0d874h ( 55412) load[0m
[0;32mI (229) esp_image: segment 5: paddr=0004f5f8 vaddr=50000000 size=00028h (    40) load[0m
[0;32mI (236) boot: Loaded app from partition at offset 0x10000[0m
[0;32mI (236) boot: Disabling RNG early entropy source...[0m
[0;32mI (247) cpu_start: Multicore app[0m
[0;32mI (255) cpu_start: GPIO 3 and 1 are used as console UART I/O pins[0m
[0;32mI (255) cpu_start: Pro cpu start user code[0m
[0;32mI (255) cpu_start: cpu freq: 160000000 Hz[0m
[0;32mI (257) app_init: Application information:[0m
[0;32mI (261) app_init: Project name:     payload[0m
[0;32mI (265) app_init: App version:      d9542d3-dirty[0m
[0;32mI (269) app_init: Compile time:     Jun 12 2026 20:13:35[0m
[0;32mI (274) app_init: ELF file SHA256:  65c3fb228...[0m
[0;32mI (279) app_init: ESP-IDF:          v6.1-dev-3863-g338f341110[0m
[0;32mI (284) efuse_init: Min chip rev:     v0.0[0m
[0;32mI (288) efuse_init: Max chip rev:     v3.99 [0m
[0;32mI (292) efuse_init: Chip rev:         v3.1[0m
[0;32mI (296) heap_init: Initializing. RAM available for dynamic allocation:[0m
[0;32mI (302) heap_init: At 3FFAE6E0 len 00001920 (6 KiB): DRAM[0m
[0;32mI (307) heap_init: At 3FFB38C8 len 0002C738 (177 KiB): DRAM[0m
[0;32mI (312) heap_init: At 3FFE0440 len 00003AE0 (14 KiB): D/IRAM[0m
[0;32mI (318) heap_init: At 3FFE4350 len 0001BCB0 (111 KiB): D/IRAM[0m
[0;32mI (323) heap_init: At 4008D874 len 0001278C (73 KiB): IRAM[0m
[0;32mI (330) spi_flash: detected chip: generic[0m
[0;32mI (332) spi_flash: flash io: dio[0m
[0;33mW (335) spi_flash: Detected size(4096k) larger than the size in the binary image header(2048k). Using the size in the binary image header.[0m
[0;32mI (349) main_task: Started on CPU0[0m
[0;32mI (359) main_task: Calling app_main()[0m
[0;32mI (359) payload: SPI Bus Active[0m
[0;32mI (479) sdspi_transaction: cmd=5, R1 response: command not supported[0m
[1;31mE (529) sdmmc_sd: sdmmc_check_scr: send_scr returned 0x109[0m
[1;31mE (529) vfs_fat_sdmmc: sdmmc_card_init failed (0x109).[0m
[0;33mW (529) gpio: conflict found for GPIO[22][0m
[1;31mE (539) vfs_fat_sdmmc: esp_vfs_fat_sdspi_sdcard_init failed (0x109).[0m
[0;32mI (539) payload: SD Card Mounted[0m
[0;33mW (549) gpio: conflict found for GPIO[6][0m
ets Jul 29 2019 12:21:46

rst:0x1 (POWERON_RESET),boot:0x17 (SPI_FAST_FLASH_BOOT)
configsip: 0, SPIWP:0xee
clk_drv:0x00,q_drv:0x00,d_drv:0x00,cs0_drv:0x00,hd_drv:0x00,wp_drv:0x00
mode:DIO, clock div:2
load:0x3fff0040,len:6272
load:0x40078000,len:15848
load:0x40080400,len:3920
entry 0x40080644
[0;32mI (27) boot: ESP-IDF v6.1-dev-3863-g338f341110 2nd stage bootloader[0m
[0;32mI (27) boot: compile time Jun 12 2026 22:38:45[0m
[0;32mI (28) boot: Multicore bootloader[0m
[0;32mI (30) boot: chip revision: v3.1[0m
[0;32mI (33) boot.esp32: SPI Speed      : 40MHz[0m
[0;32mI (37) boot.esp32: SPI Mode       : DIO[0m
[0;32mI (40) boot.esp32: SPI Flash Size : 2MB[0m
[0;32mI (44) boot: Enabling RNG early entropy source...[0m
[0;32mI (49) boot: Partition Table:[0m
[0;32mI (51) boot: ## Label            Usage          Type ST Offset   Length[0m
[0;32mI (57) boot:  0 nvs              WiFi data        01 02 00009000 00006000[0m
[0;32mI (64) boot:  1 phy_init         RF data          01 01 0000f000 00001000[0m
[0;32mI (71) boot:  2 factory          factory app      00 00 00010000 00100000[0m
[0;32mI (77) boot: End of partition table[0m
[0;32mI (80) esp_image: segment 0: paddr=00010020 vaddr=3f400020 size=0eab8h ( 60088) map[0m
[0;32mI (109) esp_image: segment 1: paddr=0001eae0 vaddr=3ffb0000 size=01538h (  5432) load[0m
[0;32mI (112) esp_image: segment 2: paddr=00020020 vaddr=400d0020 size=2057ch (132476) map[0m
[0;32mI (160) esp_image: segment 3: paddr=000405a4 vaddr=3ffb1538 size=017d0h (  6096) load[0m
[0;32mI (163) esp_image: segment 4: paddr=00041d7c vaddr=40080000 size=0d874h ( 55412) load[0m
[0;32mI (187) esp_image: segment 5: paddr=0004f5f8 vaddr=50000000 size=00028h (    40) load[0m
[0;32mI (194) boot: Loaded app from partition at offset 0x10000[0m
[0;32mI (194) boot: Disabling RNG early entropy source...[0m
[0;32mI (205) cpu_start: Multicore app[0m
[0;32mI (213) cpu_start: GPIO 3 and 1 are used as console UART I/O pins[0m
[0;32mI (213) cpu_start: Pro cpu start user code[0m
[0;32mI (213) cpu_start: cpu freq: 160000000 Hz[0m
[0;32mI (215) app_init: Application information:[0m
[0;32mI (219) app_init: Project name:     payload[0m
[0;32mI (223) app_init: App version:      d9542d3-dirty[0m
[0;32mI (227) app_init: Compile time:     Jun 12 2026 20:13:35[0m
[0;32mI (232) app_init: ELF file SHA256:  65c3fb228...[0m
[0;32mI (237) app_init: ESP-IDF:          v6.1-dev-3863-g338f341110[0m
[0;32mI (242) efuse_init: Min chip rev:     v0.0[0m
[0;32mI (246) efuse_init: Max chip rev:     v3.99 [0m
[0;32mI (250) efuse_init: Chip rev:         v3.1[0m
[0;32mI (254) heap_init: Initializing. RAM available for dynamic allocation:[0m
[0;32mI (260) heap_init: At 3FFAE6E0 len 00001920 (6 KiB): DRAM[0m
[0;32mI (265) heap_init: At 3FFB38C8 len 0002C738 (177 KiB): DRAM[0m
[0;32mI (271) heap_init: At 3FFE0440 len 00003AE0 (14 KiB): D/IRAM[0m
[0;32mI (276) heap_init: At 3FFE4350 len 0001BCB0 (111 KiB): D/IRAM[0m
[0;32mI (281) heap_init: At 4008D874 len 0001278C (73 KiB): IRAM[0m
[0;32mI (288) spi_flash: detected chip: generic[0m
[0;32mI (290) spi_flash: flash io: dio[0m
[0;33mW (293) spi_flash: Detected size(4096k) larger than the size in the binary image header(2048k). Using the size in the binary image header.[0m
[0;32mI (307) main_task: Started on CPU0[0m
[0;32mI (317) main_task: Calling app_main()[0m
[0;32mI (317) payload: SPI Bus Active[0m
[0;32mI (437) sdspi_transaction: cmd=5, R1 response: command not supported[0m
[1;31mE (487) sdmmc_sd: sdmmc_check_scr: send_scr returned 0x109[0m
[1;31mE (487) vfs_fat_sdmmc: sdmmc_card_init failed (0x109).[0m
[0;33mW (487) gpio: conflict found for GPIO[22][0m
[1;31mE (497) vfs_fat_sdmmc: esp_vfs_fat_sdspi_sdcard_init failed (0x109).[0m
[0;32mI (497) payload: SD Card Mounted[0m
[0;33mW (507) gpio: conflict found for GPIO[6][0m
ets Jul 29 2019 12:21:46

rst:0x8 (TG1WDT_SYS_RESET),boot:0x17 (SPI_FAST_FLASH_BOOT)
configsip: 0, SPIWP:0xee
clk_drv:0x00,q_drv:0x00,d_drv:0x00,cs0_drv:0x00,hd_drv:0x00,wp_drv:0x00
mode:DIO, clock div:2
load:0x3fff0040,len:6272
load:0x40078000,len:15848
load:0x40080400,len:3920
entry 0x40080644
[0;32mI (54) boot: ESP-IDF v6.1-dev-3863-g338f341110 2nd stage bootloader[0m
[0;32mI (54) boot: compile time Jun 12 2026 22:38:45[0m
[0;32mI (54) boot: Multicore bootloader[0m
[0;32mI (58) boot: chip revision: v3.1[0m
[0;32mI (61) boot.esp32: SPI Speed      : 40MHz[0m
[0;32mI (64) boot.esp32: SPI Mode       : DIO[0m
[0;32mI (68) boot.esp32: SPI Flash Size : 2MB[0m
[0;33mW (71) boot.esp32: PRO CPU has been reset by WDT[0m
[0;33mW (76) boot.esp32: WDT rst info: PRO CPU PC=0x4008d758[0m
[0;33mW (81) boot.esp32: WDT rst info: APP CPU PC=0x4008d758[0m
[0;32mI (86) boot: Enabling RNG early entropy source...[0m
[0;32mI (90) boot: Partition Table:[0m
[0;32mI (93) boot: ## Label            Usage          Type ST Offset   Length[0m
[0;32mI (99) boot:  0 nvs              WiFi data        01 02 00009000 00006000[0m
[0;32mI (105) boot:  1 phy_init         RF data          01 01 0000f000 00001000[0m
[0;32mI (112) boot:  2 factory          factory app      00 00 00010000 00100000[0m
[0;32mI (119) boot: End of partition table[0m
[0;32mI (122) esp_image: segment 0: paddr=00010020 vaddr=3f400020 size=0eab8h ( 60088) map[0m
[0;32mI (151) esp_image: segment 1: paddr=0001eae0 vaddr=3ffb0000 size=01538h (  5432) load[0m
[0;32mI (153) esp_image: segment 2: paddr=00020020 vaddr=400d0020 size=2057ch (132476) map[0m
[0;32mI (202) esp_image: segment 3: paddr=000405a4 vaddr=3ffb1538 size=017d0h (  6096) load[0m
[0;32mI (205) esp_image: segment 4: paddr=00041d7c vaddr=40080000 size=0d874h ( 55412) load[0m
[0;32mI (229) esp_image: segment 5: paddr=0004f5f8 vaddr=50000000 size=00028h (    40) load[0m
[0;32mI (236) boot: Loaded app from partition at offset 0x10000[0m
[0;32mI (236) boot: Disabling RNG early entropy source...[0m
[0;32mI (247) cpu_start: Multicore app[0m
[0;32mI (255) cpu_start: GPIO 3 and 1 are used as console UART I/O pins[0m
[0;32mI (255) cpu_start: Pro cpu start user code[0m
[0;32mI (255) cpu_start: cpu freq: 160000000 Hz[0m
[0;32mI (257) app_init: Application information:[0m
[0;32mI (261) app_init: Project name:     payload[0m
[0;32mI (265) app_init: App version:      d9542d3-dirty[0m
[0;32mI (269) app_init: Compile time:     Jun 12 2026 20:13:35[0m
[0;32mI (274) app_init: ELF file SHA256:  65c3fb228...[0m
[0;32mI (279) app_init: ESP-IDF:          v6.1-dev-3863-g338f341110[0m
[0;32mI (284) efuse_init: Min chip rev:     v0.0[0m
[0;32mI (288) efuse_init: Max chip rev:     v3.99 [0m
[0;32mI (292) efuse_init: Chip rev:         v3.1[0m
[0;32mI (296) heap_init: Initializing. RAM available for dynamic allocation:[0m
[0;32mI (302) heap_init: At 3FFAE6E0 len 00001920 (6 KiB): DRAM[0m
[0;32mI (307) heap_init: At 3FFB38C8 len 0002C738 (177 KiB): DRAM[0m
[0;32mI (312) heap_init: At 3FFE0440 len 00003AE0 (14 KiB): D/IRAM[0m
[0;32mI (318) heap_init: At 3FFE4350 len 0001BCB0 (111 KiB): D/IRAM[0m
[0;32mI (323) heap_init: At 4008D874 len 0001278C (73 KiB): IRAM[0m
[0;32mI (330) spi_flash: detected chip: generic[0m
[0;32mI (332) spi_flash: flash io: dio[0m
[0;33mW (335) spi_flash: Detected size(4096k) larger than the size in the binary image header(2048k). Using the size in the binary image header.[0m
[0;32mI (349) main_task: Started on CPU0[0m
[0;32mI (359) main_task: Calling app_main()[0m
[0;32mI (359) payload: SPI Bus Active[0m
[0;32mI (479) sdspi_transaction: cmd=5, R1 response: command not supported[0m
[1;31mE (529) sdmmc_sd: sdmmc_check_scr: send_scr returned 0x109[0m
[1;31mE (529) vfs_fat_sdmmc: sdmmc_card_init failed (0x109).[0m
[0;33mW (529) gpio: conflict found for GPIO[22][0m
[1;31mE (539) vfs_fat_sdmmc: esp_vfs_fat_sdspi_sdcard_init failed (0x109).[0m
[0;32mI (539) payload: SD Card Mounted[0m
[0;33mW (549) gpio: conflict found for GPIO[6][0m
ets Jul 29 2019 12:21:46

rst:0x8 (TG1WDT_SYS_RESET),boot:0x17 (SPI_FAST_FLASH_BOOT)
configsip: 0, SPIWP:0xee
clk_drv:0x00,q_drv:0x00,d_drv:0x00,cs0_drv:0x00,hd_drv:0x00,wp_drv:0x00
mode:DIO, clock div:2
load:0x3fff0040,len:6272
load:0x40078000,len:15848
load:0x40080400,len:3920
entry 0x40080644
[0;32mI (54) boot: ESP-IDF v6.1-dev-3863-g338f341110 2nd stage bootloader[0m
[0;32mI (54) boot: compile time Jun 12 2026 22:38:45[0m
[0;32mI (54) boot: Multicore bootloader[0m
[0;32mI (58) boot: chip revision: v3.1[0m
[0;32mI (61) boot.esp32: SPI Speed      : 40MHz[0m
[0;32mI (64) boot.esp32: SPI Mode       : DIO[0m
[0;32mI (68) boot.esp32: SPI Flash Size : 2MB[0m
[0;33mW (71) boot.esp32: PRO CPU has been reset by WDT[0m
[0;33mW (76) boot.esp32: WDT rst info: PRO CPU PC=0x4008d758[0m
[0;33mW (81) boot.esp32: WDT rst info: APP CPU PC=0x4008d758[0m
[0;32mI (86) boot: Enabling RNG early entropy source...[0m
[0;32mI (90) boot: Partition Table:[0m
[0;32mI (93) boot: ## Label            Usage          Type ST Offset   Length[0m
[0;32mI (99) boot:  0 nvs              WiFi data        01 02 00009000 00006000[0m
[0;32mI (105) boot:  1 phy_init         RF data          01 01 0000f000 00001000[0m
[0;32mI (112) boot:  2 factory          factory app      00 00 00010000 00100000[0m
[0;32mI (119) boot: End of partition table[0m
[0;32mI (122) esp_image: segment 0: paddr=00010020 vaddr=3f400020 size=0eab8h ( 60088) map[0m
[0;32mI (151) esp_image: segment 1: paddr=0001eae0 vaddr=3ffb0000 size=01538h (  5432) load[0m
[0;32mI (153) esp_image: segment 2: paddr=00020020 vaddr=400d0020 size=2057ch (132476) map[0m
[0;32mI (202) esp_image: segment 3: paddr=000405a4 vaddr=3ffb1538 size=017d0h (  6096) load[0m
[0;32mI (205) esp_image: segment 4: paddr=00041d7c vaddr=40080000 size=0d874h ( 55412) load[0m
[0;32mI (229) esp_image: segment 5: paddr=0004f5f8 vaddr=50000000 size=00028h (    40) load[0m
[0;32mI (236) boot: Loaded app from partition at offset 0x10000[0m
[0;32mI (236) boot: Disabling RNG early entropy source...[0m
[0;32mI (247) cpu_start: Multicore app[0m
[0;32mI (255) cpu_start: GPIO 3 and 1 are used as console UART I/O pins[0m
[0;32mI (255) cpu_start: Pro cpu start user code[0m
[0;32mI (255) cpu_start: cpu freq: 160000000 Hz[0m
[0;32mI (257) app_init: Application information:[0m
[0;32mI (261) app_init: Project name:     payload[0m
[0;32mI (265) app_init: App version:      d9542d3-dirty[0m
[0;32mI (269) app_init: Compile time:     Jun 12 2026 20:13:35[0m
[0;32mI (274) app_init: ELF file SHA256:  65c3fb228...[0m
[0;32mI (279) app_init: ESP-IDF:          v6.1-dev-3863-g338f341110[0m
[0;32mI (284) efuse_init: Min chip rev:     v0.0[0m
[0;32mI (288) efuse_init: Max chip rev:     v3.99 [0m
[0;32mI (292) efuse_init: Chip rev:         v3.1[0m
[0;32mI (296) heap_init: Initializing. RAM available for dynamic allocation:[0m
[0;32mI (302) heap_init: At 3FFAE6E0 len 00001920 (6 KiB): DRAM[0m
[0;32mI (307) heap_init: At 3FFB38C8 len 0002C738 (177 KiB): DRAM[0m
[0;32mI (312) heap_init: At 3FFE0440 len 00003AE0 (14 KiB): D/IRAM[0m
[0;32mI (318) heap_init: At 3FFE4350 len 0001BCB0 (111 KiB): D/IRAM[0m
[0;32mI (323) heap_init: At 4008D874 len 0001278C (73 KiB): IRAM[0m
[0;32mI (330) spi_flash: detected chip: generic[0m
[0;32mI (332) spi_flash: flash io: dio[0m
[0;33mW (335) spi_flash: Detected size(4096k) larger than the size in the binary image header(2048k). Using the size in the binary image header.[0m
[0;32mI (349) main_task: Started on CPU0[0m
[0;32mI (359) main_task: Calling app_main()[0m
[0;32mI (359) payload: SPI Bus Active[0m
[0;32mI (479) sdspi_transaction: cmd=5, R1 response: command not supported[0m
[1;31mE (529) sdmmc_sd: sdmmc_check_scr: send_scr returned 0x109[0m
[1;31mE (529) vfs_fat_sdmmc: sdmmc_card_init failed (0x109).[0m
[0;33mW (529) gpio: conflict found for GPIO[22][0m
[1;31mE (539) vfs_fat_sdmmc: esp_vfs_fat_sdspi_sdcard_init failed (0x109).[0m
[0;32mI (539) payload: SD Card Mounted[0m
[0;33mW (549) gpio: conflict found for GPIO[6][0m
ets Jul 29 2019 12:21:46

rst:0x8 (TG1WDT_SYS_RESET),boot:0x17 (SPI_FAST_FLASH_BOOT)
configsip: 0, SPIWP:0xee
clk_drv:0x00,q_drv:0x00,d_drv:0x00,cs0_drv:0x00,hd_drv:0x00,wp_drv:0x00
mode:DIO, clock div:2
load:0x3fff0040,len:6272
load:0x40078000,len:15848
load:0x40080400,len:3920
entry 0x40080644
[0;32mI (54) boot: ESP-IDF v6.1-dev-3863-g338f341110 2nd stage bootloader[0m
[0;32mI (54) boot: compile time Jun 12 2026 22:38:45[0m
[0;32mI (54) boot: Multicore bootloader[0m
[0;32mI (58) boot: chip revision: v3.1[0m
[0;32mI (61) boot.esp32: SPI Speed      : 40MHz[0m
[0;32mI (64) boot.esp32: SPI Mode       : DIO[0m
[0;32mI (68) boot.esp32: SPI Flash Size : 2MB[0m
[0;33mW (71) boot.esp32: PRO CPU has been reset by WDT[0m
[0;33mW (76) boot.esp32: WDT rst info: PRO CPU PC=0x4008d758[0m
[0;33mW (81) boot.esp32: WDT rst info: APP CPU PC=0x4008d758[0m
[0;32mI (86) boot: Enabling RNG early entropy source...[0m
[0;32mI (90) boot: Partition Table:[0m
[0;32mI (93) boot: ## Label            Usage          Type ST Offset   Length[0m
[0;32mI (99) boot:  0 nvs              WiFi data        01 02 00009000 00006000[0m
[0;32mI (105) boot:  1 phy_init         RF data          01 01 0000f000 00001000[0m
[0;32mI (112) boot:  2 factory          factory app      00 00 00010000 00100000[0m
[0;32mI (119) boot: End of partition table[0m
[0;32mI (122) esp_image: segment 0: paddr=00010020 vaddr=3f400020 size=0eab8h ( 60088) map[0m
[0;32mI (151) esp_image: segment 1: paddr=0001eae0 vaddr=3ffb0000 size=01538h (  5432) load[0m
[0;32mI (153) esp_image: segment 2: paddr=00020020 vaddr=400d0020 size=2057ch (132476) map[0m
[0;32mI (202) esp_image: segment 3: paddr=000405a4 vaddr=3ffb1538 size=017d0h (  6096) load[0m
[0;32mI (205) esp_image: segment 4: paddr=00041d7c vaddr=40080000 size=0d874h ( 55412) load[0m
[0;32mI (229) esp_image: segment 5: paddr=0004f5f8 vaddr=50000000 size=00028h (    40) load[0m
[0;32mI (236) boot: Loaded app from partition at offset 0x10000[0m
[0;32mI (236) boot: Disabling RNG early entropy source...[0m
[0;32mI (247) cpu_start: Multicore app[0m
[0;32mI (255) cpu_start: GPIO 3 and 1 are used as console UART I/O pins[0m
[0;32mI (255) cpu_start: Pro cpu start user code[0m
[0;32mI (255) cpu_start: cpu freq: 160000000 Hz[0m
[0;32mI (257) app_init: Application information:[0m
[0;32mI (261) app_init: Project name:     payload[0m
[0;32mI (265) app_init: App version:      d9542d3-dirty[0m
[0;32mI (269) app_init: Compile time:     Jun 12 2026 20:13:35[0m
[0;32mI (274) app_init: ELF file SHA256:  65c3fb228...[0m
[0;32mI (279) app_init: ESP-IDF:          v6.1-dev-3863-g338f341110[0m
[0;32mI (284) efuse_init: Min chip rev:     v0.0[0m
[0;32mI (288) efuse_init: Max chip rev:     v3.99 [0m
[0;32mI (292) efuse_init: Chip rev:         v3.1[0m
[0;32mI (296) heap_init: Initializing. RAM available for dynamic allocation:[0m
[0;32mI (302) heap_init: At 3FFAE6E0 len 00001920 (6 KiB): DRAM[0m
[0;32mI (307) heap_init: At 3FFB38C8 len 0002C738 (177 KiB): DRAM[0m
[0;32mI (312) heap_init: At 3FFE0440 len 00003AE0 (14 KiB): D/IRAM[0m
[0;32mI (318) heap_init: At 3FFE4350 len 0001BCB0 (111 KiB): D/IRAM[0m
[0;32mI (323) heap_init: At 4008D874 len 0001278C (73 KiB): IRAM[0m
[0;32mI (330) spi_flash: detected chip: generic[0m
[0;32mI (332) spi_flash: flash io: dio[0m
[0;33mW (335) spi_flash: Detected size(4096k) larger than the size in the binary image header(2048k). Using the size in the binary image header.[0m
[0;32mI (349) main_task: Started on CPU0[0m
[0;32mI (359) main_task: Calling app_main()[0m
[0;32mI (359) payload: SPI Bus Active[0m
[0;32mI (479) sdspi_transaction: cmd=5, R1 response: command not supported[0m
[1;31mE (529) sdmmc_sd: sdmmc_check_scr: send_scr returned 0x109[0m
[1;31mE (529) vfs_fat_sdmmc: sdmmc_card_init failed (0x109).[0m
[0;33mW (529) gpio: conflict found for GPIO[22][0m
[1;31mE (539) vfs_fat_sdmmc: esp_vfs_fat_sdspi_sdcard_init failed (0x109).[0m
[0;32mI (539) payload: SD Card Mounted[0m
[0;33mW (549) gpio: conflict found for GPIO[6][0m
ets Jul 29 2019 12:21:46

rst:0x8 (TG1WDT_SYS_RESET),boot:0x17 (SPI_FAST_FLASH_BOOT)
configsip: 0, SPIWP:0xee
clk_drv:0x00,q_drv:0x00,d_drv:0x00,cs0_drv:0x00,hd_drv:0x00,wp_drv:0x00
mode:DIO, clock div:2
load:0x3fff0040,len:6272
load:0x40078000,len:15848
load:0x40080400,len:3920
entry 0x40080644
[0;32mI (54) boot: ESP-IDF v6.1-dev-3863-g338f341110 2nd stage bootloader[0m
[0;32mI (54) boot: compile time Jun 12 2026 22:38:45[0m
[0;32mI (54) boot: Multicore bootloader[0m
[0;32mI (58) boot: chip revision: v3.1[0m
[0;32mI (61) boot.esp32: SPI Speed      : 40MHz[0m
[0;32mI (64) boot.esp32: SPI Mode       : DIO[0m
[0;32mI (68) boot.esp32: SPI Flash Size : 2MB[0m
[0;33mW (71) boot.esp32: PRO CPU has been reset by WDT[0m
[0;33mW (76) boot.esp32: WDT rst info: PRO CPU PC=0x4008d758[0m
[0;33mW (81) boot.esp32: WDT rst info: APP CPU PC=0x4008d758[0m
[0;32mI (86) boot: Enabling RNG early entropy source...[0m
[0;32mI (90) boot: Partition Table:[0m
[0;32mI (93) boot: ## Label            Usage          Type ST Offset   Length[0m
[0;32mI (99) boot:  0 nvs              WiFi data        01 02 00009000 00006000[0m
[0;32mI (105) boot:  1 phy_init         RF data          01 01 0000f000 00001000[0m
[0;32mI (112) boot:  2 factory          factory app      00 00 00010000 00100000[0m
[0;32mI (119) boot: End of partition table[0m
[0;32mI (122) esp_image: segment 0: paddr=00010020 vaddr=3f400020 size=0eab8h ( 60088) map[0m
[0;32mI (151) esp_image: segment 1: paddr=0001eae0 vaddr=3ffb0000 size=01538h (  5432) load[0m
[0;32mI (153) esp_image: segment 2: paddr=00020020 vaddr=400d0020 size=2057ch (132476) map[0m
[0;32mI (202) esp_image: segment 3: paddr=000405a4 vaddr=3ffb1538 size=017d0h (  6096) load[0m
[0;32mI (205) esp_image: segment 4: paddr=00041d7c vaddr=40080000 size=0d874h ( 55412) load[0m
[0;32mI (229) esp_image: segment 5: paddr=0004f5f8 vaddr=50000000 size=00028h (    40) load[0m
[0;32mI (236) boot: Loaded app from partition at offset 0x10000[0m
[0;32mI (236) boot: Disabling RNG early entropy source...[0m
[0;32mI (247) cpu_start: Multicore app[0m
[0;32mI (255) cpu_start: GPIO 3 and 1 are used as console UART I/O pins[0m
[0;32mI (255) cpu_start: Pro cpu start user code[0m
[0;32mI (255) cpu_start: cpu freq: 160000000 Hz[0m
[0;32mI (257) app_init: Application information:[0m
[0;32mI (261) app_init: Project name:     payload[0m
[0;32mI (265) app_init: App version:      d9542d3-dirty[0m
[0;32mI (269) app_init: Compile time:     Jun 12 2026 20:13:35[0m
[0;32mI (274) app_init: ELF file SHA256:  65c3fb228...[0m
[0;32mI (279) app_init: ESP-IDF:          v6.1-dev-3863-g338f341110[0m
[0;32mI (284) efuse_init: Min chip rev:     v0.0[0m
[0;32mI (288) efuse_init: Max chip rev:     v3.99 [0m
[0;32mI (292) efuse_init: Chip rev:         v3.1[0m
[0;32mI (296) heap_init: Initializing. RAM available for dynamic allocation:[0m
[0;32mI (302) heap_init: At 3FFAE6E0 len 00001920 (6 KiB): DRAM[0m
[0;32mI (307) heap_init: At 3FFB38C8 len 0002C738 (177 KiB): DRAM[0m
[0;32mI (312) heap_init: At 3FFE0440 len 00003AE0 (14 KiB): D/IRAM[0m
[0;32mI (318) heap_init: At 3FFE4350 len 0001BCB0 (111 KiB): D/IRAM[0m
[0;32mI (323) heap_init: At 4008D874 len 0001278C (73 KiB): IRAM[0m
[0;32mI (330) spi_flash: detected chip: generic[0m
[0;32mI (332) spi_flash: flash io: dio[0m
[0;33mW (335) spi_flash: Detected size(4096k) larger than the size in the binary image header(2048k). Using the size in the binary image header.[0m
[0;32mI (349) main_task: Started on CPU0[0m
[0;32mI (359) main_task: Calling app_main()[0m
[0;32mI (359) payload: SPI Bus Active[0m
[0;32mI (479) sdspi_transaction: cmd=5, R1 response: command not supported[0m
[1;31mE (529) sdmmc_sd: sdmmc_check_scr: send_scr returned 0x109[0m
[1;31mE (529) vfs_fat_sdmmc: sdmmc_card_init failed (0x109).[0m
[0;33mW (529) gpio: conflict found for GPIO[22][0m
[1;31mE (539) vfs_fat_sdmmc: esp_vfs_fat_sdspi_sdcard_init failed (0x109).[0m
[0;32mI (539) payload: SD Card Mounted[0m
[0;33mW (549) gpio: conflict found for GPIO[6][0m
ets Jul 29 2019 12:21:46

rst:0x8 (TG1WDT_SYS_RESET),boot:0x17 (SPI_FAST_FLASH_BOOT)
configsip: 0, SPIWP:0xee
clk_drv:0x00,q_drv:0x00,d_drv:0x00,cs0_drv:0x00,hd_drv:0x00,wp_drv:0x00
mode:DIO, clock div:2
load:0x3fff0040,len:6272
load:0x40078000,len:15848
load:0x40080400,len:3920
entry 0x40080644
[0;32mI (54) boot: ESP-IDF v6.1-dev-3863-g338f341110 2nd stage bootloader[0m
[0;32mI (54) boot: compile time Jun 12 2026 22:38:45[0m
[0;32mI (54) boot: Multicore bootloader[0m
[0;32mI (58) boot: chip revision: v3.1[0m
[0;32mI (61) boot.esp32: SPI Speed      : 40MHz[0m
[0;32mI (64) boot.esp32: SPI Mode       : DIO[0m
[0;32mI (68) boot.esp32: SPI Flash Size : 2MB[0m
[0;33mW (71) boot.esp32: PRO CPU has been reset by WDT[0m
[0;33mW (76) boot.esp32: WDT rst info: PRO CPU PC=0x4008d758[0m
[0;33mW (81) boot.esp32: WDT rst info: APP CPU PC=0x4008d758[0m
[0;32mI (86) boot: Enabling RNG early entropy source...[0m
[0;32mI (90) boot: Partition Table:[0m
[0;32mI (93) boot: ## Label            Usage          Type ST Offset   Length[0m
[0;32mI (99) boot:  0 nvs              WiFi data        01 02 00009000 00006000[0m
[0;32mI (105) boot:  1 phy_init         RF data          01 01 0000f000 00001000[0m
[0;32mI (112) boot:  2 factory          factory app      00 00 00010000 00100000[0m
[0;32mI (119) boot: End of partition table[0m
[0;32mI (122) esp_image: segment 0: paddr=00010020 vaddr=3f400020 size=0eab8h ( 60088) map[0m
[0;32mI (151) esp_image: segment 1: paddr=0001eae0 vaddr=3ffb0000 size=01538h (  5432) load[0m
[0;32mI (153) esp_image: segment 2: paddr=00020020 vaddr=400d0020 size=2057ch (132476) map[0m
[0;32mI (202) esp_image: segment 3: paddr=000405a4 vaddr=3ffb1538 size=017d0h (  6096) load[0m
[0;32mI (205) esp_image: segment 4: paddr=00041d7c vaddr=40080000 size=0d874h ( 55412) load[0m
[0;32mI (229) esp_image: segment 5: paddr=0004f5f8 vaddr=50000000 size=00028h (    40) load[0m
[0;32mI (236) boot: Loaded app from partition at offset 0x10000[0m
[0;32mI (236) boot: Disabling RNG early entropy source...[0m
[0;32mI (247) cpu_start: Multicore app[0m
[0;32mI (255) cpu_start: GPIO 3 and 1 are used as console UART I/O pins[0m
[0;32mI (255) cpu_start: Pro cpu start user code[0m
[0;32mI (255) cpu_start: cpu freq: 160000000 Hz[0m
[0;32mI (257) app_init: Application information:[0m
[0;32mI (261) app_init: Project name:     payload[0m
[0;32mI (265) app_init: App version:      d9542d3-dirty[0m
[0;32mI (269) app_init: Compile time:     Jun 12 2026 20:13:35[0m
[0;32mI (274) app_init: ELF file SHA256:  65c3fb228...[0m
[0;32mI (279) app_init: ESP-IDF:          v6.1-dev-3863-g338f341110[0m
[0;32mI (284) efuse_init: Min chip rev:     v0.0[0m
[0;32mI (288) efuse_init: Max chip rev:     v3.99 [0m
[0;32mI (292) efuse_init: Chip rev:         v3.1[0m
[0;32mI (296) heap_init: Initializing. RAM available for dynamic allocation:[0m
[0;32mI (302) heap_init: At 3FFAE6E0 len 00001920 (6 KiB): DRAM[0m
[0;32mI (307) heap_init: At 3FFB38C8 len 0002C738 (177 KiB): DRAM[0m
[0;32mI (312) heap_init: At 3FFE0440 len 00003AE0 (14 KiB): D/IRAM[0m
[0;32mI (318) heap_init: At 3FFE4350 len 0001BCB0 (111 KiB): D/IRAM[0m
[0;32mI (323) heap_init: At 4008D874 len 0001278C (73 KiB): IRAM[0m
[0;32mI (330) spi_flash: detected chip: generic[0m
[0;32mI (332) spi_flash: flash io: dio[0m
[0;33mW (335) spi_flash: Detected size(4096k) larger than the size in the binary image header(2048k). Using the size in the binary image header.[0m
[0;32mI (349) main_task: Started on CPU0[0m
[0;32mI (359) main_task: Calling app_main()[0m
[0;32mI (359) payload: SPI Bus Active[0m
[0;32mI (479) sdspi_transaction: cmd=5, R1 response: command not supported[0m
[1;31mE (529) sdmmc_sd: sdmmc_check_scr: send_scr returned 0x109[0m
[1;31mE (529) vfs_fat_sdmmc: sdmmc_card_init failed (0x109).[0m
[0;33mW (529) gpio: conflict found for GPIO[22][0m
[1;31mE (539) vfs_fat_sdmmc: esp_vfs_fat_sdspi_sdcard_init failed (0x109).[0m
[0;32mI (539) payload: SD Card Mounted[0m
[0;33mW (549) gpio: conflict found for GPIO[6][0m
ets Jul 29 2019 12:21:46

rst:0x8 (TG1WDT_SYS_RESET),boot:0x17 (SPI_FAST_FLASH_BOOT)
configsip: 0, SPIWP:0xee
clk_drv:0x00,q_drv:0x00,d_drv:0x00,cs0_drv:0x00,hd_drv:0x00,wp_drv:0x00
mode:DIO, clock div:2
load:0x3fff0040,len:6272
load:0x40078000,len:15848
load:0x40080400,len:3920
entry 0x40080644
[0;32mI (54) boot: ESP-IDF v6.1-dev-3863-g338f341110 2nd stage bootloader[0m
[0;32mI (54) boot: compile time Jun 12 2026 22:38:45[0m
[0;32mI (54) boot: Multicore bootloader[0m
[0;32mI (58) boot: chip revision: v3.1[0m
[0;32mI (61) boot.esp32: SPI Speed      : 40MHz[0m
[0;32mI (64) boot.esp32: SPI Mode       : DIO[0m
[0;32mI (68) boot.esp32: SPI Flash Size : 2MB[0m
[0;33mW (71) boot.esp32: PRO CPU has been reset by WDT[0m
[0;33mW (76) boot.esp32: WDT rst info: PRO CPU PC=0x4008d758[0m
[0;33mW (81) boot.esp32: WDT rst info: APP CPU PC=0x4008d758[0m
[0;32mI (86) boot: Enabling RNG early entropy source...[0m
[0;32mI (90) boot: Partition Table:[0m
[0;32mI (93) boot: ## Label            Usage          Type ST Offset   Length[0m
[0;32mI (99) boot:  0 nvs              WiFi data        01 02 00009000 00006000[0m
[0;32mI (105) boot:  1 phy_init         RF data          01 01 0000f000 00001000[0m
[0;32mI (112) boot:  2 factory          factory app      00 00 00010000 00100000[0m
[0;32mI (119) boot: End of partition table[0m
[0;32mI (122) esp_image: segment 0: paddr=00010020 vaddr=3f400020 size=0eab8h ( 60088) map[0m
[0;32mI (151) esp_image: segment 1: paddr=0001eae0 vaddr=3ffb0000 size=01538h (  5432) load[0m
[0;32mI (153) esp_image: segment 2: paddr=00020020 vaddr=400d0020 size=2057ch (132476) map[0m
[0;32mI (202) esp_image: segment 3: paddr=000405a4 vaddr=3ffb1538 size=017d0h (  6096) load[0m
[0;32mI (205) esp_image: segment 4: paddr=00041d7c vaddr=40080000 size=0d874h ( 55412) load[0m
[0;32mI (229) esp_image: segment 5: paddr=0004f5f8 vaddr=50000000 size=00028h (    40) load[0m
[0;32mI (236) boot: Loaded app from partition at offset 0x10000[0m
[0;32mI (236) boot: Disabling RNG early entropy source...[0m
[0;32mI (247) cpu_start: Multicore app[0m
[0;32mI (255) cpu_start: GPIO 3 and 1 are used as console UART I/O pins[0m
[0;32mI (255) cpu_start: Pro cpu start user code[0m
[0;32mI (255) cpu_start: cpu freq: 160000000 Hz[0m
[0;32mI (257) app_init: Application information:[0m
[0;32mI (261) app_init: Project name:     payload[0m
[0;32mI (265) app_init: App version:      d9542d3-dirty[0m
[0;32mI (269) app_init: Compile time:     Jun 12 2026 20:13:35[0m
[0;32mI (274) app_init: ELF file SHA256:  65c3fb228...[0m
[0;32mI (279) app_init: ESP-IDF:          v6.1-dev-3863-g338f341110[0m
[0;32mI (284) efuse_init: Min chip rev:     v0.0[0m
[0;32mI (288) efuse_init: Max chip rev:     v3.99 [0m
[0;32mI (292) efuse_init: Chip rev:         v3.1[0m
[0;32mI (296) heap_init: Initializing. RAM available for dynamic allocation:[0m
[0;32mI (302) heap_init: At 3FFAE6E0 len 00001920 (6 KiB): DRAM[0m
[0;32mI (307) heap_init: At 3FFB38C8 len 0002C738 (177 KiB): DRAM[0m
[0;32mI (312) heap_init: At 3FFE0440 len 00003AE0 (14 KiB): D/IRAM[0m
[0;32mI (318) heap_init: At 3FFE4350 len 0001BCB0 (111 KiB): D/IRAM[0m
[0;32mI (323) heap_init: At 4008D874 len 0001278C (73 KiB): IRAM[0m
[0;32mI (330) spi_flash: detected chip: generic[0m
[0;32mI (332) spi_flash: flash io: dio[0m
[0;33mW (335) spi_flash: Detected size(4096k) larger than the size in the binary image header(2048k). Using the size in the binary image header.[0m
[0;32mI (349) main_task: Started on CPU0[0m
[0;32mI (359) main_task: Calling app_main()[0m
[0;32mI (359) payload: SPI Bus Active[0m
[0;32mI (479) sdspi_transaction: cmd=5, R1 response: command not supported[0m
[1;31mE (529) sdmmc_sd: sdmmc_check_scr: send_scr returned 0x109[0m
[1;31mE (529) vfs_fat_sdmmc: sdmmc_card_init failed (0x109).[0m
[0;33mW (529) gpio: conflict found for GPIO[22][0m
[1;31mE (539) vfs_fat_sdmmc: esp_vfs_fat_sdspi_sdcard_init failed (0x109).[0m
[0;32mI (539) payload: SD Card Mounted[0m
[0;33mW (549) gpio: conflict found for GPIO[6][0m
ets Jul 29 2019 12:21:46

rst:0x8 (TG1WDT_SYS_RESET),boot:0x17 (SPI_FAST_FLASH_BOOT)
configsip: 0, SPIWP:0xee
clk_drv:0x00,q_drv:0x00,d_drv:0x00,cs0_drv:0x00,hd_drv:0x00,wp_drv:0x00
mode:DIO, clock div:2
load:0x3fff0040,len:6272
load:0x40078000,len:15848
load:0x40080400,len:3920
entry 0x40080644
[0;32mI (54) boot: ESP-IDF v6.1-dev-3863-g338f341110 2nd stage bootloader[0m
[0;32mI (54) boot: compile time Jun 12 2026 22:38:45[0m
[0;32mI (54) boot: Multicore bootloader[0m
[0;32mI (58) boot: chip revision: v3.1[0m
[0;32mI (61) boot.esp32: SPI Speed      : 40MHz[0m
[0;32mI (64) boot.esp32: SPI Mode       : DIO[0m
[0;32mI (68) boot.esp32: SPI Flash Size : 2MB[0m
[0;33mW (71) boot.esp32: PRO CPU has been reset by WDT[0m
[0;33mW (76) boot.esp32: WDT rst info: PRO CPU PC=0x4008d758[0m
[0;33mW (81) boot.esp32: WDT rst info: APP CPU PC=0x4008d758[0m
[0;32mI (86) boot: Enabling RNG early entropy source...[0m
[0;32mI (90) boot: Partition Table:[0m
[0;32mI (93) boot: ## Label            Usage          Type ST Offset   Length[0m
[0;32mI (99) boot:  0 nvs              WiFi data        01 02 00009000 00006000[0m
[0;32mI (105) boot:  1 phy_init         RF data          01 01 0000f000 00001000[0m
[0;32mI (112) boot:  2 factory          factory app      00 00 00010000 00100000[0m
[0;32mI (119) boot: End of partition table[0m
[0;32mI (122) esp_image: segment 0: paddr=00010020 vaddr=3f400020 size=0eab8h ( 60088) map[0m
[0;32mI (151) esp_image: segment 1: paddr=0001eae0 vaddr=3ffb0000 size=01538h (  5432) load[0m
[0;32mI (153) esp_image: segment 2: paddr=00020020 vaddr=400d0020 size=2057ch (132476) map[0m
[0;32mI (202) esp_image: segment 3: paddr=000405a4 vaddr=3ffb1538 size=017d0h (  6096) load[0m
[0;32mI (205) esp_image: segment 4: paddr=00041d7c vaddr=40080000 size=0d874h ( 55412) load[0m
[0;32mI (229) esp_image: segment 5: paddr=0004f5f8 vaddr=50000000 size=00028h (    40) load[0m
[0;32mI (236) boot: Loaded app from partition at offset 0x10000[0m
[0;32mI (236) boot: Disabling RNG early entropy source...[0m
[0;32mI (247) cpu_start: Multicore app[0m
[0;32mI (255) cpu_start: GPIO 3 and 1 are used as console UART I/O pins[0m
[0;32mI (255) cpu_start: Pro cpu start user code[0m
[0;32mI (255) cpu_start: cpu freq: 160000000 Hz[0m
[0;32mI (257) app_init: Application information:[0m
[0;32mI (261) app_init: Project name:     payload[0m
[0;32mI (265) app_init: App version:      d9542d3-dirty[0m
[0;32mI (269) app_init: Compile time:     Jun 12 2026 20:13:35[0m
[0;32mI (274) app_init: ELF file SHA256:  65c3fb228...[0m
[0;32mI (279) app_init: ESP-IDF:          v6.1-dev-3863-g338f341110[0m
[0;32mI (284) efuse_init: Min chip rev:     v0.0[0m
[0;32mI (288) efuse_init: Max chip rev:     v3.99 [0m
[0;32mI (292) efuse_init: Chip rev:         v3.1[0m
[0;32mI (296) heap_init: Initializing. RAM available for dynamic allocation:[0m
[0;32mI (302) heap_init: At 3FFAE6E0 len 00001920 (6 KiB): DRAM[0m
[0;32mI (307) heap_init: At 3FFB38C8 len 0002C738 (177 KiB): DRAM[0m
[0;32mI (312) heap_init: At 3FFE0440 len 00003AE0 (14 KiB): D/IRAM[0m
[0;32mI (318) heap_init: At 3FFE4350 len 0001BCB0 (111 KiB): D/IRAM[0m
[0;32mI (323) heap_init: At 4008D874 len 0001278C (73 KiB): IRAM[0m
[0;32mI (330) spi_flash: detected chip: generic[0m
[0;32mI (332) spi_flash: flash io: dio[0m
[0;33mW (335) spi_flash: Detected size(4096k) larger than the size in the binary image header(2048k). Using the size in the binary image header.[0m
[0;32mI (349) main_task: Started on CPU0[0m
[0;32mI (359) main_task: Calling app_main()[0m
[0;32mI (359) payload: SPI Bus Active[0m
[0;32mI (479) sdspi_transaction: cmd=5, R1 response: command not supported[0m
[1;31mE (529) sdmmc_sd: sdmmc_check_scr: send_scr returned 0x109[0m
[1;31mE (529) vfs_fat_sdmmc: sdmmc_card_init failed (0x109).[0m
[0;33mW (529) gpio: conflict found for GPIO[22][0m
[1;31mE (539) vfs_fat_sdmmc: esp_vfs_fat_sdspi_sdcard_init failed (0x109).[0m
[0;32mI (539) payload: SD Card Mounted[0m
[0;33mW (549) gpio: conflict found for GPIO[6][0m
ets Jul 29 2019 12:21:46

rst:0x8 (TG1WDT_SYS_RESET),boot:0x17 (SPI_FAST_FLASH_BOOT)
configsip: 0, SPIWP:0xee
clk_drv:0x00,q_drv:0x00,d_drv:0x00,cs0_drv:0x00,hd_drv:0x00,wp_drv:0x00
mode:DIO, clock div:2
load:0x3fff0040,len:6272
load:0x40078000,len:15848
load:0x40080400,len:3920
entry 0x40080644
[0;32mI (54) boot: ESP-IDF v6.1-dev-3863-g338f341110 2nd stage bootloader[0m
[0;32mI (54) boot: compile time Jun 12 2026 22:38:45[0m
[0;32mI (54) boot: Multicore bootloader[0m
[0;32mI (58) boot: chip revision: v3.1[0m
[0;32mI (61) boot.esp32: SPI Speed      : 40MHz[0m
[0;32mI (64) boot.esp32: SPI Mode       : DIO[0m
[0;32mI (68) boot.esp32: SPI Flash Size : 2MB[0m
[0;33mW (71) boot.esp32: PRO CPU has been reset by WDT[0m
[0;33mW (76) boot.esp32: WDT rst info: PRO CPU PC=0x4008d758[0m
[0;33mW (81) boot.esp32: WDT rst info: APP CPU PC=0x4008d758[0m
[0;32mI (86) boot: Enabling RNG early entropy source...[0m
[0;32mI (90) boot: Partition Table:[0m
[0;32mI (93) boot: ## Label            Usage          Type ST Offset   Length[0m
[0;32mI (99) boot:  0 nvs              WiFi data        01 02 00009000 00006000[0m
[0;32mI (105) boot:  1 phy_init         RF data          01 01 0000f000 00001000[0m
[0;32mI (112) boot:  2 factory          factory app      00 00 00010000 00100000[0m
[0;32mI (119) boot: End of partition table[0m
[0;32mI (122) esp_image: segment 0: paddr=00010020 vaddr=3f400020 size=0eab8h ( 60088) map[0m
[0;32mI (151) esp_image: segment 1: paddr=0001eae0 vaddr=3ffb0000 size=01538h (  5432) load[0m
[0;32mI (153) esp_image: segment 2: paddr=00020020 vaddr=400d0020 size=2057ch (132476) map[0m
[0;32mI (202) esp_image: segment 3: paddr=000405a4 vaddr=3ffb1538 size=017d0h (  6096) load[0m
[0;32mI (205) esp_image: segment 4: paddr=00041d7c vaddr=40080000 size=0d874h ( 55412) load[0m
[0;32mI (229) esp_image: segment 5: paddr=0004f5f8 vaddr=50000000 size=00028h (    40) load[0m
[0;32mI (236) boot: Loaded app from partition at offset 0x10000[0m
[0;32mI (236) boot: Disabling RNG early entropy source...[0m
[0;32mI (247) cpu_start: Multicore app[0m
[0;32mI (255) cpu_start: GPIO 3 and 1 are used as console UART I/O pins[0m
[0;32mI (255) cpu_start: Pro cpu start user code[0m
[0;32mI (255) cpu_start: cpu freq: 160000000 Hz[0m
[0;32mI (257) app_init: Application information:[0m
[0;32mI (261) app_init: Project name:     payload[0m
[0;32mI (265) app_init: App version:      d9542d3-dirty[0m
[0;32mI (269) app_init: Compile time:     Jun 12 2026 20:13:35[0m
[0;32mI (274) app_init: ELF file SHA256:  65c3fb228...[0m
[0;32mI (279) app_init: ESP-IDF:          v6.1-dev-3863-g338f341110[0m
[0;32mI (284) efuse_init: Min chip rev:     v0.0[0m
[0;32mI (288) efuse_init: Max chip rev:     v3.99 [0m
[0;32mI (292) efuse_init: Chip rev:         v3.1[0m
[0;32mI (296) heap_init: Initializing. RAM available for dynamic allocation:[0m
[0;32mI (302) heap_init: At 3FFAE6E0 len 00001920 (6 KiB): DRAM[0m
[0;32mI (307) heap_init: At 3FFB38C8 len 0002C738 (177 KiB): DRAM[0m
[0;32mI (312) heap_init: At 3FFE0440 len 00003AE0 (14 KiB): D/IRAM[0m
[0;32mI (318) heap_init: At 3FFE4350 len 0001BCB0 (111 KiB): D/IRAM[0m
[0;32mI (323) heap_init: At 4008D874 len 0001278C (73 KiB): IRAM[0m
[0;32mI (330) spi_flash: detected chip: generic[0m
[0;32mI (332) spi_flash: flash io: dio[0m
[0;33mW (335) spi_flash: Detected size(4096k) larger than the size in the binary image header(2048k). Using the size in the binary image header.[0m
[0;32mI (349) main_task: Started on CPU0[0m
[0;32mI (359) main_task: Calling app_main()[0m
[0;32mI (359) payload: SPI Bus Active[0m
[0;32mI (479) sdspi_transaction: cmd=5, R1 response: command not supported[0m
[1;31mE (529) sdmmc_sd: sdmmc_check_scr: send_scr returned 0x109[0m
[1;31mE (529) vfs_fat_sdmmc: sdmmc_card_init failed (0x109).[0m
[0;33mW (529) gpio: conflict found for GPIO[22][0m
[1;31mE (539) vfs_fat_sdmmc: esp_vfs_fat_sdspi_sdcard_init failed (0x109).[0m
[0;32mI (539) payload: SD Card Mounted[0m
[0;33mW (549) gpio: conflict found for GPIO[6][0m
ets Jul 29 2019 12:21:46

rst:0x8 (TG1WDT_SYS_RESET),boot:0x17 (SPI_FAST_FLASH_BOOT)
configsip: 0, SPIWP:0xee
clk_drv:0x00,q_drv:0x00,d_drv:0x00,cs0_drv:0x00,hd_drv:0x00,wp_drv:0x00
mode:DIO, clock div:2
load:0x3fff0040,len:6272
load:0x40078000,len:15848
load:0x40080400,len:3920
entry 0x40080644
[0;32mI (54) boot: ESP-IDF v6.1-dev-3863-g338f341110 2nd stage bootloader[0m
[0;32mI (54) boot: compile time Jun 12 2026 22:38:45[0m
[0;32mI (54) boot: Multicore bootloader[0m
[0;32mI (58) boot: chip revision: v3.1[0m
[0;32mI (61) boot.esp32: SPI Speed      : 40MHz[0m
[0;32mI (64) boot.esp32: SPI Mode       : DIO[0m
[0;32mI (68) boot.esp32: SPI Flash Size : 2MB[0m
[0;33mW (71) boot.esp32: PRO CPU has been reset by WDT[0m
[0;33mW (76) boot.esp32: WDT rst info: PRO CPU PC=0x4008d758[0m
[0;33mW (81) boot.esp32: WDT rst info: APP CPU PC=0x4008d758[0m
[0;32mI (86) boot: Enabling RNG early entropy source...[0m
[0;32mI (90) boot: Partition Table:[0m
[0;32mI (93) boot: ## Label            Usage          Type ST Offset   Length[0m
[0;32mI (99) boot:  0 nvs              WiFi data        01 02 00009000 00006000[0m
[0;32mI (105) boot:  1 phy_init         RF data          01 01 0000f000 00001000[0m
[0;32mI (112) boot:  2 factory          factory app      00 00 00010000 00100000[0m
[0;32mI (119) boot: End of partition table[0m
[0;32mI (122) esp_image: segment 0: paddr=00010020 vaddr=3f400020 size=0eab8h ( 60088) map[0m
[0;32mI (151) esp_image: segment 1: paddr=0001eae0 vaddr=3ffb0000 size=01538h (  5432) load[0m
[0;32mI (153) esp_image: segment 2: paddr=00020020 vaddr=400d0020 size=2057ch (132476) map[0m
[0;32mI (202) esp_image: segment 3: paddr=000405a4 vaddr=3ffb1538 size=017d0h (  6096) load[0m
[0;32mI (205) esp_image: segment 4: paddr=00041d7c vaddr=40080000 size=0d874h ( 55412) load[0m
[0;32mI (229) esp_image: segment 5: paddr=0004f5f8 vaddr=50000000 size=00028h (    40) load[0m
[0;32mI (236) boot: Loaded app from partition at offset 0x10000[0m
[0;32mI (236) boot: Disabling RNG early entropy source...[0m
[0;32mI (247) cpu_start: Multicore app[0m
[0;32mI (255) cpu_start: GPIO 3 and 1 are used as console UART I/O pins[0m
[0;32mI (255) cpu_start: Pro cpu start user code[0m
[0;32mI (255) cpu_start: cpu freq: 160000000 Hz[0m
[0;32mI (257) app_init: Application information:[0m
[0;32mI (261) app_init: Project name:     payload[0m
[0;32mI (265) app_init: App version:      d9542d3-dirty[0m
[0;32mI (269) app_init: Compile time:     Jun 12 2026 20:13:35[0m
[0;32mI (274) app_init: ELF file SHA256:  65c3fb228...[0m
[0;32mI (279) app_init: ESP-IDF:          v6.1-dev-3863-g338f341110[0m
[0;32mI (284) efuse_init: Min chip rev:     v0.0[0m
[0;32mI (288) efuse_init: Max chip rev:     v3.99 [0m
[0;32mI (292) efuse_init: Chip rev:         v3.1[0m
[0;32mI (296) heap_init: Initializing. RAM available for dynamic allocation:[0m
[0;32mI (302) heap_init: At 3FFAE6E0 len 00001920 (6 KiB): DRAM[0m
[0;32mI (307) heap_init: At 3FFB38C8 len 0002C738 (177 KiB): DRAM[0m
[0;32mI (312) heap_init: At 3FFE0440 len 00003AE0 (14 KiB): D/IRAM[0m
[0;32mI (318) heap_init: At 3FFE4350 len 0001BCB0 (111 KiB): D/IRAM[0m
[0;32mI (323) heap_init: At 4008D874 len 0001278C (73 KiB): IRAM[0m
[0;32mI (330) spi_flash: detected chip: generic[0m
[0;32mI (332) spi_flash: flash io: dio[0m
[0;33mW (335) spi_flash: Detected size(4096k) larger than the size in the binary image header(2048k). Using the size in the binary image header.[0m
[0;32mI (349) main_task: Started on CPU0[0m
[0;32mI (359) main_task: Calling app_main()[0m
[0;32mI (359) payload: SPI Bus Active[0m
[0;32mI (479) sdspi_transaction: cmd=5, R1 response: command not supported[0m
[1;31mE (529) sdmmc_sd: sdmmc_check_scr: send_scr returned 0x109[0m
[1;31mE (529) vfs_fat_sdmmc: sdmmc_card_init failed (0x109).[0m
[0;33mW (529) gpio: conflict found for GPIO[22][0m
[1;31mE (539) vfs_fat_sdmmc: esp_vfs_fat_sdspi_sdcard_init failed (0x109).[0m
[0;32mI (539) payload: SD Card Mounted[0m
[0;33mW (549) gpio: conflict found for GPIO[6][0m
ets Jul 29 2019 12:21:46

rst:0x8 (TG1WDT_SYS_RESET),boot:0x17 (SPI_FAST_FLASH_BOOT)
configsip: 0, SPIWP:0xee
clk_drv:0x00,q_drv:0x00,d_drv:0x00,cs0_drv:0x00,hd_drv:0x00,wp_drv:0x00
mode:DIO, clock div:2
load:0x3fff0040,len:6272
load:0x40078000,len:15848
load:0x40080400,len:3920
entry 0x40080644
[0;32mI (54) boot: ESP-IDF v6.1-dev-3863-g338f341110 2nd stage bootloader[0m
[0;32mI (54) boot: compile time Jun 12 2026 22:38:45[0m
[0;32mI (54) boot: Multicore bootloader[0m
[0;32mI (58) boot: chip revision: v3.1[0m
[0;32mI (61) boot.esp32: SPI Speed      : 40MHz[0m
[0;32mI (64) boot.esp32: SPI Mode       : DIO[0m
[0;32mI (68) boot.esp32: SPI Flash Size : 2MB[0m
[0;33mW (71) boot.esp32: PRO CPU has been reset by WDT[0m
[0;33mW (76) boot.esp32: WDT rst info: PRO CPU PC=0x4008d758[0m
[0;33mW (81) boot.esp32: WDT rst info: APP CPU PC=0x4008d758[0m
[0;32mI (86) boot: Enabling RNG early entropy source...[0m
[0;32mI (90) boot: Partition Table:[0m
[0;32mI (93) boot: ## Label            Usage          Type ST Offset   Length[0m
[0;32mI (99) boot:  0 nvs              WiFi data        01 02 00009000 00006000[0m
[0;32mI (105) boot:  1 phy_init         RF data          01 01 0000f000 00001000[0m
[0;32mI (112) boot:  2 factory          factory app      00 00 00010000 00100000[0m
[0;32mI (119) boot: End of partition table[0m
[0;32mI (122) esp_image: segment 0: paddr=00010020 vaddr=3f400020 size=0eab8h ( 60088) map[0m
[0;32mI (151) esp_image: segment 1: paddr=0001eae0 vaddr=3ffb0000 size=01538h (  5432) load[0m
[0;32mI (153) esp_image: segment 2: paddr=00020020 vaddr=400d0020 size=2057ch (132476) map[0m
[0;32mI (202) esp_image: segment 3: paddr=000405a4 vaddr=3ffb1538 size=017d0h (  6096) load[0m
[0;32mI (205) esp_image: segment 4: paddr=00041d7c vaddr=40080000 size=0d874h ( 55412) load[0m
[0;32mI (229) esp_image: segment 5: paddr=0004f5f8 vaddr=50000000 size=00028h (    40) load[0m
[0;32mI (236) boot: Loaded app from partition at offset 0x10000[0m
[0;32mI (236) boot: Disabling RNG early entropy source...[0m
[0;32mI (247) cpu_start: Multicore app[0m
[0;32mI (255) cpu_start: GPIO 3 and 1 are used as console UART I/O pins[0m
[0;32mI (255) cpu_start: Pro cpu start user code[0m
[0;32mI (255) cpu_start: cpu freq: 160000000 Hz[0m
[0;32mI (257) app_init: Application information:[0m
[0;32mI (261) app_init: Project name:     payload[0m
[0;32mI (265) app_init: App version:      d9542d3-dirty[0m
[0;32mI (269) app_init: Compile time:     Jun 12 2026 20:13:35[0m
[0;32mI (274) app_init: ELF file SHA256:  65c3fb228...[0m
[0;32mI (279) app_init: ESP-IDF:          v6.1-dev-3863-g338f341110[0m
[0;32mI (284) efuse_init: Min chip rev:     v0.0[0m
[0;32mI (288) efuse_init: Max chip rev:     v3.99 [0m
[0;32mI (292) efuse_init: Chip rev:         v3.1[0m
[0;32mI (296) heap_init: Initializing. RAM available for dynamic allocation:[0m
[0;32mI (302) heap_init: At 3FFAE6E0 len 00001920 (6 KiB): DRAM[0m
[0;32mI (307) heap_init: At 3FFB38C8 len 0002C738 (177 KiB): DRAM[0m
[0;32mI (312) heap_init: At 3FFE0440 len 00003AE0 (14 KiB): D/IRAM[0m
[0;32mI (318) heap_init: At 3FFE4350 len 0001BCB0 (111 KiB): D/IRAM[0m
[0;32mI (323) heap_init: At 4008D874 len 0001278C (73 KiB): IRAM[0m
[0;32mI (330) spi_flash: detected chip: generic[0m
[0;32mI (332) spi_flash: flash io: dio[0m
[0;33mW (335) spi_flash: Detected size(4096k) larger than the size in the binary image header(2048k). Using the size in the binary image header.[0m
[0;32mI (349) main_task: Started on CPU0[0m
[0;32mI (359) main_task: Calling app_main()[0m
[0;32mI (359) payload: SPI Bus Active[0m
[0;32mI (479) sdspi_transaction: cmd=5, R1 response: command not supported[0m
[1;31mE (529) sdmmc_sd: sdmmc_check_scr: send_scr returned 0x109[0m
[1;31mE (529) vfs_fat_sdmmc: sdmmc_card_init failed (0x109).[0m
[0;33mW (529) gpio: conflict found for GPIO[22][0m
[1;31mE (539) vfs_fat_sdmmc: esp_vfs_fat_sdspi_sdcard_init failed (0x109).[0m
[0;32mI (539) payload: SD Card Mounted[0m
[0;33mW (549) gpio: conflict found for GPIO[6][0m
ets Jul 29 2019 12:21:46

rst:0x8 (TG1WDT_SYS_RESET),boot:0x17 (SPI_FAST_FLASH_BOOT)
configsip: 0, SPIWP:0xee
clk_drv:0x00,q_drv:0x00,d_drv:0x00,cs0_drv:0x00,hd_drv:0x00,wp_drv:0x00
mode:DIO, clock div:2
load:0x3fff0040,len:6272
load:0x40078000,len:15848
load:0x40080400,len:3920
entry 0x40080644
[0;32mI (54) boot: ESP-IDF v6.1-dev-3863-g338f341110 2nd stage bootloader[0m
[0;32mI (54) boot: compile time Jun 12 2026 22:38:45[0m
[0;32mI (54) boot: Multicore bootloader[0m
[0;32mI (58) boot: chip revision: v3.1[0m
[0;32mI (61) boot.esp32: SPI Speed      : 40MHz[0m
[0;32mI (64) boot.esp32: SPI Mode       : DIO[0m
[0;32mI (68) boot.esp32: SPI Flash Size : 2MB[0m
[0;33mW (71) boot.esp32: PRO CPU has been reset by WDT[0m
[0;33mW (76) boot.esp32: WDT rst info: PRO CPU PC=0x4008d758[0m
[0;33mW (81) boot.esp32: WDT rst info: APP CPU PC=0x4008d758[0m
[0;32mI (86) boot: Enabling RNG early entropy source...[0m
[0;32mI (90) boot: Partition Table:[0m
[0;32mI (93) boot: ## Label            Usage          Type ST Offset   Length[0m
[0;32mI (99) boot:  0 nvs              WiFi data        01 02 00009000 00006000[0m
[0;32mI (105) boot:  1 phy_init         RF data          01 01 0000f000 00001000[0m
[0;32mI (112) boot:  2 factory          factory app      00 00 00010000 00100000[0m
[0;32mI (119) boot: End of partition table[0m
[0;32mI (122) esp_image: segment 0: paddr=00010020 vaddr=3f400020 size=0eab8h ( 60088) map[0m
[0;32mI (151) esp_image: segment 1: paddr=0001eae0 vaddr=3ffb0000 size=01538h (  5432) load[0m
[0;32mI (153) esp_image: segment 2: paddr=00020020 vaddr=400d0020 size=2057ch (132476) map[0m
[0;32mI (202) esp_image: segment 3: paddr=000405a4 vaddr=3ffb1538 size=017d0h (  6096) load[0m
[0;32mI (205) esp_image: segment 4: paddr=00041d7c vaddr=40080000 size=0d874h ( 55412) load[0m
[0;32mI (229) esp_image: segment 5: paddr=0004f5f8 vaddr=50000000 size=00028h (    40) load[0m
[0;32mI (236) boot: Loaded app from partition at offset 0x10000[0m
[0;32mI (236) boot: Disabling RNG early entropy source...[0m
[0;32mI (247) cpu_start: Multicore app[0m
[0;32mI (255) cpu_start: GPIO 3 and 1 are used as console UART I/O pins[0m
[0;32mI (255) cpu_start: Pro cpu start user code[0m
[0;32mI (255) cpu_start: cpu freq: 160000000 Hz[0m
[0;32mI (257) app_init: Application information:[0m
[0;32mI (261) app_init: Project name:     payload[0m
[0;32mI (265) app_init: App version:      d9542d3-dirty[0m
[0;32mI (269) app_init: Compile time:     Jun 12 2026 20:13:35[0m
[0;32mI (274) app_init: ELF file SHA256:  65c3fb228...[0m
[0;32mI (279) app_init: ESP-IDF:          v6.1-dev-3863-g338f341110[0m
[0;32mI (284) efuse_init: Min chip rev:     v0.0[0m
[0;32mI (288) efuse_init: Max chip rev:     v3.99 [0m
[0;32mI (292) efuse_init: Chip rev:         v3.1[0m
[0;32mI (296) heap_init: Initializing. RAM available for dynamic allocation:[0m
[0;32mI (302) heap_init: At 3FFAE6E0 len 00001920 (6 KiB): DRAM[0m
[0;32mI (307) heap_init: At 3FFB38C8 len 0002C738 (177 KiB): DRAM[0m
[0;32mI (312) heap_init: At 3FFE0440 len 00003AE0 (14 KiB): D/IRAM[0m
[0;32mI (318) heap_init: At 3FFE4350 len 0001BCB0 (111 KiB): D/IRAM[0m
[0;32mI (323) heap_init: At 4008D874 len 0001278C (73 KiB): IRAM[0m
[0;32mI (330) spi_flash: detected chip: generic[0m
[0;32mI (332) spi_flash: flash io: dio[0m
[0;33mW (335) spi_flash: Detected size(4096k) larger than the size in the binary image header(2048k). Using the size in the binary image header.[0m
[0;32mI (349) main_task: Started on CPU0[0m
[0;32mI (359) main_task: Calling app_main()[0m
[0;32mI (359) payload: SPI Bus Active[0m
[0;32mI (479) sdspi_transaction: cmd=5, R1 response: command not supported[0m
[1;31mE (529) sdmmc_sd: sdmmc_check_scr: send_scr returned 0x109[0m
[1;31mE (529) vfs_fat_sdmmc: sdmmc_card_init failed (0x109).[0m
[0;33mW (529) gpio: conflict found for GPIO[22][0m
[1;31mE (539) vfs_fat_sdmmc: esp_vfs_fat_sdspi_sdcard_init failed (0x109).[0m
[0;32mI (539) payload: SD Card Mounted[0m
[0;33mW (549) gpio: conflict found for GPIO[6][0m
ets Jul 29 2019 12:21:46

rst:0x8 (TG1WDT_SYS_RESET),boot:0x17 (SPI_FAST_FLASH_BOOT)
configsip: 0, SPIWP:0xee
clk_drv:0x00,q_drv:0x00,d_drv:0x00,cs0_drv:0x00,hd_drv:0x00,wp_drv:0x00
mode:DIO, clock div:2
load:0x3fff0040,len:6272
load:0x40078000,len:15848
load:0x40080400,len:3920
entry 0x40080644
[0;32mI (54) boot: ESP-IDF v6.1-dev-3863-g338f341110 2nd stage bootloader[0m
[0;32mI (54) boot: compile time Jun 12 2026 22:38:45[0m
[0;32mI (54) boot: Multicore bootloader[0m
[0;32mI (58) boot: chip revision: v3.1[0m
[0;32mI (61) boot.esp32: SPI Speed      : 40MHz[0m
[0;32mI (64) boot.esp32: SPI Mode       : DIO[0m
[0;32mI (68) boot.esp32: SPI Flash Size : 2MB[0m
[0;33mW (71) boot.esp32: PRO CPU has been reset by WDT[0m
[0;33mW (76) boot.esp32: WDT rst info: PRO CPU PC=0x4008d758[0m
[0;33mW (81) boot.esp32: WDT rst info: APP CPU PC=0x4008d758[0m
[0;32mI (86) boot: Enabling RNG early entropy source...[0m
[0;32mI (90) boot: Partition Table:[0m
[0;32mI (93) boot: ## Label            Usage          Type ST Offset   Length[0m
[0;32mI (99) boot:  0 nvs              WiFi data        01 02 00009000 00006000[0m
[0;32mI (105) boot:  1 phy_init         RF data          01 01 0000f000 00001000[0m
[0;32mI (112) boot:  2 factory          factory app      00 00 00010000 00100000[0m
[0;32mI (119) boot: End of partition table[0m
[0;32mI (122) esp_image: segment 0: paddr=00010020 vaddr=3f400020 size=0eab8h ( 60088) map[0m
[0;32mI (151) esp_image: segment 1: paddr=0001eae0 vaddr=3ffb0000 size=01538h (  5432) load[0m
[0;32mI (153) esp_image: segment 2: paddr=00020020 vaddr=400d0020 size=2057ch (132476) map[0m
[0;32mI (202) esp_image: segment 3: paddr=000405a4 vaddr=3ffb1538 size=017d0h (  6096) load[0m
[0;32mI (205) esp_image: segment 4: paddr=00041d7c vaddr=40080000 size=0d874h ( 55412) load[0m
[0;32mI (229) esp_image: segment 5: paddr=0004f5f8 vaddr=50000000 size=00028h (    40) load[0m
[0;32mI (236) boot: Loaded app from partition at offset 0x10000[0m
[0;32mI (236) boot: Disabling RNG early entropy source...[0m
[0;32mI (247) cpu_start: Multicore app[0m
[0;32mI (255) cpu_start: GPIO 3 and 1 are used as console UART I/O pins[0m
[0;32mI (255) cpu_start: Pro cpu start user code[0m
[0;32mI (255) cpu_start: cpu freq: 160000000 Hz[0m
[0;32mI (257) app_init: Application information:[0m
[0;32mI (261) app_init: Project name:     payload[0m
[0;32mI (265) app_init: App version:      d9542d3-dirty[0m
[0;32mI (269) app_init: Compile time:     Jun 12 2026 20:13:35[0m
[0;32mI (274) app_init: ELF file SHA256:  65c3fb228...[0m
[0;32mI (279) app_init: ESP-IDF:          v6.1-dev-3863-g338f341110[0m
[0;32mI (284) efuse_init: Min chip rev:     v0.0[0m
[0;32mI (288) efuse_init: Max chip rev:     v3.99 [0m
[0;32mI (292) efuse_init: Chip rev:         v3.1[0m
[0;32mI (296) heap_init: Initializing. RAM available for dynamic allocation:[0m
[0;32mI (302) heap_init: At 3FFAE6E0 len 00001920 (6 KiB): DRAM[0m
[0;32mI (307) heap_init: At 3FFB38C8 len 0002C738 (177 KiB): DRAM[0m
[0;32mI (312) heap_init: At 3FFE0440 len 00003AE0 (14 KiB): D/IRAM[0m
[0;32mI (318) heap_init: At 3FFE4350 len 0001BCB0 (111 KiB): D/IRAM[0m
[0;32mI (323) heap_init: At 4008D874 len 0001278C (73 KiB): IRAM[0m
[0;32mI (330) spi_flash: detected chip: generic[0m
[0;32mI (332) spi_flash: flash io: dio[0m
[0;33mW (335) spi_flash: Detected size(4096k) larger than the size in the binary image header(2048k). Using the size in the binary image header.[0m
[0;32mI (349) main_task: Started on CPU0[0m
[0;32mI (359) main_task: Calling app_main()[0m
[0;32mI (359) payload: SPI Bus Active[0m
[0;32mI (479) sdspi_transaction: cmd=5, R1 response: command not supported[0m
[1;31mE (529) sdmmc_sd: sdmmc_check_scr: send_scr returned 0x109[0m
[1;31mE (529) vfs_fat_sdmmc: sdmmc_card_init failed (0x109).[0m
[0;33mW (529) gpio: conflict found for GPIO[22][0m
[1;31mE (539) vfs_fat_sdmmc: esp_vfs_fat_sdspi_sdcard_init failed (0x109).[0m
[0;32mI (539) payload: SD Card Mounted[0m
[0;33mW (549) gpio: conflict found for GPIO[6][0m
ets Jul 29 2019 12:21:46

rst:0x8 (TG1WDT_SYS_RESET),boot:0x17 (SPI_FAST_FLASH_BOOT)
configsip: 0, SPIWP:0xee
clk_drv:0x00,q_drv:0x00,d_drv:0x00,cs0_drv:0x00,hd_drv:0x00,wp_drv:0x00
mode:DIO, clock div:2
load:0x3fff0040,len:6272
load:0x40078000,len:15848
load:0x40080400,len:3920
entry 0x40080644
[0;32mI (54) boot: ESP-IDF v6.1-dev-3863-g338f341110 2nd stage bootloader[0m
[0;32mI (54) boot: compile time Jun 12 2026 22:38:45[0m
[0;32mI (54) boot: Multicore bootloader[0m
[0;32mI (58) boot: chip revision: v3.1[0m
[0;32mI (61) boot.esp32: SPI Speed      : 40MHz[0m
[0;32mI (64) boot.esp32: SPI Mode       : DIO[0m
[0;32mI (68) boot.esp32: SPI Flash Size : 2MB[0m
[0;33mW (71) boot.esp32: PRO CPU has been reset by WDT[0m
[0;33mW (76) boot.esp32: WDT rst info: PRO CPU PC=0x4008d758[0m
[0;33mW (81) boot.esp32: WDT rst info: APP CPU PC=0x4008d758[0m
[0;32mI (86) boot: Enabling RNG early entropy source...[0m
[0;32mI (90) boot: Partition Table:[0m
[0;32mI (93) boot: ## Label            Usage          Type ST Offset   Length[0m
[0;32mI (99) boot:  0 nvs              WiFi data        01 02 00009000 00006000[0m
[0;32mI (105) boot:  1 phy_init         RF data          01 01 0000f000 00001000[0m
[0;32mI (112) boot:  2 factory          factory app      00 00 00010000 00100000[0m
[0;32mI (119) boot: End of partition table[0m
[0;32mI (122) esp_image: segment 0: paddr=00010020 vaddr=3f400020 size=0eab8h ( 60088) map[0m
[0;32mI (151) esp_image: segment 1: paddr=0001eae0 vaddr=3ffb0000 size=01538h (  5432) load[0m
[0;32mI (153) esp_image: segment 2: paddr=00020020 vaddr=400d0020 size=2057ch (132476) map[0m
[0;32mI (202) esp_image: segment 3: paddr=000405a4 vaddr=3ffb1538 size=017d0h (  6096) load[0m
[0;32mI (205) esp_image: segment 4: paddr=00041d7c vaddr=40080000 size=0d874h ( 55412) load[0m
[0;32mI (229) esp_image: segment 5: paddr=0004f5f8 vaddr=50000000 size=00028h (    40) load[0m
[0;32mI (236) boot: Loaded app from partition at offset 0x10000[0m
[0;32mI (236) boot: Disabling RNG early entropy source...[0m
[0;32mI (247) cpu_start: Multicore app[0m
[0;32mI (255) cpu_start: GPIO 3 and 1 are used as console UART I/O pins[0m
[0;32mI (255) cpu_start: Pro cpu start user code[0m
[0;32mI (255) cpu_start: cpu freq: 160000000 Hz[0m
[0;32mI (257) app_init: Application information:[0m
[0;32mI (261) app_init: Project name:     payload[0m
[0;32mI (265) app_init: App version:      d9542d3-dirty[0m
[0;32mI (269) app_init: Compile time:     Jun 12 2026 20:13:35[0m
[0;32mI (274) app_init: ELF file SHA256:  65c3fb228...[0m
[0;32mI (279) app_init: ESP-IDF:          v6.1-dev-3863-g338f341110[0m
[0;32mI (284) efuse_init: Min chip rev:     v0.0[0m
[0;32mI (288) efuse_init: Max chip rev:     v3.99 [0m
[0;32mI (292) efuse_init: Chip rev:         v3.1[0m
[0;32mI (296) heap_init: Initializing. RAM available for dynamic allocation:[0m
[0;32mI (302) heap_init: At 3FFAE6E0 len 00001920 (6 KiB): DRAM[0m
[0;32mI (307) heap_init: At 3FFB38C8 len 0002C738 (177 KiB): DRAM[0m
[0;32mI (312) heap_init: At 3FFE0440 len 00003AE0 (14 KiB): D/IRAM[0m
[0;32mI (318) heap_init: At 3FFE4350 len 0001BCB0 (111 KiB): D/IRAM[0m
[0;32mI (323) heap_init: At 4008D874 len 0001278C (73 KiB): IRAM[0m
[0;32mI (330) spi_flash: detected chip: generic[0m
[0;32mI (332) spi_flash: flash io: dio[0m
[0;33mW (335) spi_flash: Detected size(4096k) larger than the size in the binary image header(2048k). Using the size in the binary image header.[0m
[0;32mI (349) main_task: Started on CPU0[0m
[0;32mI (359) main_task: Calling app_main()[0m
[0;32mI (359) payload: SPI Bus Active[0m
[0;32mI (479) sdspi_transaction: cmd=5, R1 response: command not supported[0m
[1;31mE (529) sdmmc_sd: sdmmc_check_scr: send_scr returned 0x109[0m
[1;31mE (529) vfs_fat_sdmmc: sdmmc_card_init failed (0x109).[0m
[0;33mW (529) gpio: conflict found for GPIO[22][0m
[1;31mE (539) vfs_fat_sdmmc: esp_vfs_fat_sdspi_sdcard_init failed (0x109).[0m
[0;32mI (539) payload: SD Card Mounted[0m
[0;33mW (549) gpio: conflict found for GPIO[6][0m
ets Jul 29 2019 12:21:46

rst:0x8 (TG1WDT_SYS_RESET),boot:0x17 (SPI_FAST_FLASH_BOOT)
configsip: 0, SPIWP:0xee
clk_drv:0x00,q_drv:0x00,d_drv:0x00,cs0_drv:0x00,hd_drv:0x00,wp_drv:0x00
mode:DIO, clock div:2
load:0x3fff0040,len:6272
load:0x40078000,len:15848
load:0x40080400,len:3920
entry 0x40080644
[0;32mI (54) boot: ESP-IDF v6.1-dev-3863-g338f341110 2nd stage bootloader[0m
[0;32mI (54) boot: compile time Jun 12 2026 22:38:45[0m
[0;32mI (54) boot: Multicore bootloader[0m
[0;32mI (58) boot: chip revision: v3.1[0m
[0;32mI (61) boot.esp32: SPI Speed      : 40MHz[0m
[0;32mI (64) boot.esp32: SPI Mode       : DIO[0m
[0;32mI (68) boot.esp32: SPI Flash Size : 2MB[0m
[0;33mW (71) boot.esp32: PRO CPU has been reset by WDT[0m
[0;33mW (76) boot.esp32: WDT rst info: PRO CPU PC=0x4008d758[0m
[0;33mW (81) boot.esp32: WDT rst info: APP CPU PC=0x4008d758[0m
[0;32mI (86) boot: Enabling RNG early entropy source...[0m
[0;32mI (90) boot: Partition Table:[0m
[0;32mI (93) boot: ## Label            Usage          Type ST Offset   Length[0m
[0;32mI (99) boot:  0 nvs              WiFi data        01 02 00009000 00006000[0m
[0;32mI (105) boot:  1 phy_init         RF data          01 01 0000f000 00001000[0m
[0;32mI (112) boot:  2 factory          factory app      00 00 00010000 00100000[0m
[0;32mI (119) boot: End of partition table[0m
[0;32mI (122) esp_image: segment 0: paddr=00010020 vaddr=3f400020 size=0eab8h ( 60088) map[0m
[0;32mI (151) esp_image: segment 1: paddr=0001eae0 vaddr=3ffb0000 size=01538h (  5432) load[0m
[0;32mI (153) esp_image: segment 2: paddr=00020020 vaddr=400d0020 size=2057ch (132476) map[0m
[0;32mI (202) esp_image: segment 3: paddr=000405a4 vaddr=3ffb1538 size=017d0h (  6096) load[0m
[0;32mI (205) esp_image: segment 4: paddr=00041d7c vaddr=40080000 size=0d874h ( 55412) load[0m
[0;32mI (229) esp_image: segment 5: paddr=0004f5f8 vaddr=50000000 size=00028h (    40) load[0m
[0;32mI (236) boot: Loaded app from partition at offset 0x10000[0m
[0;32mI (236) boot: Disabling RNG early entropy source...[0m
[0;32mI (247) cpu_start: Multicore app[0m
[0;32mI (255) cpu_start: GPIO 3 and 1 are used as console UART I/O pins[0m
[0;32mI (255) cpu_start: Pro cpu start user code[0m
[0;32mI (255) cpu_start: cpu freq: 160000000 Hz[0m
[0;32mI (257) app_init: Application information:[0m
[0;32mI (261) app_init: Project name:     payload[0m
[0;32mI (265) app_init: App version:      d9542d3-dirty[0m
[0;32mI (269) app_init: Compile time:     Jun 12 2026 20:13:35[0m
[0;32mI (274) app_init: ELF file SHA256:  65c3fb228...[0m
[0;32mI (279) app_init: ESP-IDF:          v6.1-dev-3863-g338f341110[0m
[0;32mI (284) efuse_init: Min chip rev:     v0.0[0m
[0;32mI (288) efuse_init: Max chip rev:     v3.99 [0m
[0;32mI (292) efuse_init: Chip rev:         v3.1[0m
[0;32mI (296) heap_init: Initializing. RAM available for dynamic allocation:[0m
[0;32mI (302) heap_init: At 3FFAE6E0 len 00001920 (6 KiB): DRAM[0m
[0;32mI (307) heap_init: At 3FFB38C8 len 0002C738 (177 KiB): DRAM[0m
[0;32mI (312) heap_init: At 3FFE0440 len 00003AE0 (14 KiB): D/IRAM[0m
[0;32mI (318) heap_init: At 3FFE4350 len 0001BCB0 (111 KiB): D/IRAM[0m
[0;32mI (323) heap_init: At 4008D874 len 0001278C (73 KiB): IRAM[0m
[0;32mI (330) spi_flash: detected chip: generic[0m
[0;32mI (332) spi_flash: flash io: dio[0m
[0;33mW (335) spi_flash: Detected size(4096k) larger than the size in the binary image header(2048k). Using the size in the binary image header.[0m
[0;32mI (349) main_task: Started on CPU0[0m
[0;32mI (359) main_task: Calling app_main()[0m
[0;32mI (359) payload: SPI Bus Active[0m
[0;32mI (479) sdspi_transaction: cmd=5, R1 response: command not supported[0m
[1;31mE (529) sdmmc_sd: sdmmc_check_scr: send_scr returned 0x109[0m
[1;31mE (529) vfs_fat_sdmmc: sdmmc_card_init failed (0x109).[0m
[0;33mW (529) gpio: conflict found for GPIO[22][0m
[1;31mE (539) vfs_fat_sdmmc: esp_vfs_fat_sdspi_sdcard_init failed (0x109).[0m
[0;32mI (539) payload: SD Card Mounted[0m
[0;33mW (549) gpio: conflict found for GPIO[6][0m
ets Jul 29 2019 12:21:46

rst:0x8 (TG1WDT_SYS_RESET),boot:0x17 (SPI_FAST_FLASH_BOOT)
configsip: 0, SPIWP:0xee
clk_drv:0x00,q_drv:0x00,d_drv:0x00,cs0_drv:0x00,hd_drv:0x00,wp_drv:0x00
mode:DIO, clock div:2
load:0x3fff0040,len:6272
load:0x40078000,len:15848
load:0x40080400,len:3920
entry 0x40080644
[0;32mI (54) boot: ESP-IDF v6.1-dev-3863-g338f341110 2nd stage bootloader[0m
[0;32mI (54) boot: compile time Jun 12 2026 22:38:45[0m
[0;32mI (54) boot: Multicore bootloader[0m
[0;32mI (58) boot: chip revision: v3.1[0m
[0;32mI (61) boot.esp32: SPI Speed      : 40MHz[0m
[0;32mI (64) boot.esp32: SPI Mode       : DIO[0m
[0;32mI (68) boot.esp32: SPI Flash Size : 2MB[0m
[0;33mW (71) boot.esp32: PRO CPU has been reset by WDT[0m
[0;33mW (76) boot.esp32: WDT rst info: PRO CPU PC=0x4008d758[0m
[0;33mW (81) boot.esp32: WDT rst info: APP CPU PC=0x4008d758[0m
[0;32mI (86) boot: Enabling RNG early entropy source...[0m
[0;32mI (90) boot: Partition Table:[0m
[0;32mI (93) boot: ## Label            Usage          Type ST Offset   Length[0m
[0;32mI (99) boot:  0 nvs              WiFi data        01 02 00009000 00006000[0m
[0;32mI (105) boot:  1 phy_init         RF data          01 01 0000f000 00001000[0m
[0;32mI (112) boot:  2 factory          factory app      00 00 00010000 00100000[0m
[0;32mI (119) boot: End of partition table[0m
[0;32mI (122) esp_image: segment 0: paddr=00010020 vaddr=3f400020 size=0eab8h ( 60088) map[0m
[0;32mI (151) esp_image: segment 1: paddr=0001eae0 vaddr=3ffb0000 size=01538h (  5432) load[0m
[0;32mI (153) esp_image: segment 2: paddr=00020020 vaddr=400d0020 size=2057ch (132476) map[0m
[0;32mI (202) esp_image: segment 3: paddr=000405a4 vaddr=3ffb1538 size=017d0h (  6096) load[0m
[0;32mI (205) esp_image: segment 4: paddr=00041d7c vaddr=40080000 size=0d874h ( 55412) load[0m
[0;32mI (229) esp_image: segment 5: paddr=0004f5f8 vaddr=50000000 size=00028h (    40) load[0m
[0;32mI (236) boot: Loaded app from partition at offset 0x10000[0m
[0;32mI (236) boot: Disabling RNG early entropy source...[0m
[0;32mI (247) cpu_start: Multicore app[0m
[0;32mI (255) cpu_start: GPIO 3 and 1 are used as console UART I/O pins[0m
[0;32mI (255) cpu_start: Pro cpu start user code[0m
[0;32mI (255) cpu_start: cpu freq: 160000000 Hz[0m
[0;32mI (257) app_init: Application information:[0m
[0;32mI (261) app_init: Project name:     payload[0m
[0;32mI (265) app_init: App version:      d9542d3-dirty[0m
[0;32mI (269) app_init: Compile time:     Jun 12 2026 20:13:35[0m
[0;32mI (274) app_init: ELF file SHA256:  65c3fb228...[0m
[0;32mI (279) app_init: ESP-IDF:          v6.1-dev-3863-g338f341110[0m
[0;32mI (284) efuse_init: Min chip rev:     v0.0[0m
[0;32mI (288) efuse_init: Max chip rev:     v3.99 [0m
[0;32mI (292) efuse_init: Chip rev:         v3.1[0m
[0;32mI (296) heap_init: Initializing. RAM available for dynamic allocation:[0m
[0;32mI (302) heap_init: At 3FFAE6E0 len 00001920 (6 KiB): DRAM[0m
[0;32mI (307) heap_init: At 3FFB38C8 len 0002C738 (177 KiB): DRAM[0m
[0;32mI (312) heap_init: At 3FFE0440 len 00003AE0 (14 KiB): D/IRAM[0m
[0;32mI (318) heap_init: At 3FFE4350 len 0001BCB0 (111 KiB): D/IRAM[0m
[0;32mI (323) heap_init: At 4008D874 len 0001278C (73 KiB): IRAM[0m
[0;32mI (330) spi_flash: detected chip: generic[0m
[0;32mI (332) spi_flash: flash io: dio[0m
[0;33mW (335) spi_flash: Detected size(4096k) larger than the size in the binary image header(2048k). Using the size in the binary image header.[0m
[0;32mI (349) main_task: Started on CPU0[0m
[0;32mI (359) main_task: Calling app_main()[0m
[0;32mI (359) payload: SPI Bus Active[0m
[0;32mI (479) sdspi_transaction: cmd=5, R1 response: command not supported[0m
[1;31mE (529) sdmmc_sd: sdmmc_check_scr: send_scr returned 0x109[0m
[1;31mE (529) vfs_fat_sdmmc: sdmmc_card_init failed (0x109).[0m
